Archive member included because of file (symbol)

c:/program files (x86)/atmel/atmel toolchain/avr8 gcc/native/3.4.1061/avr8-gnu-toolchain/bin/../lib/gcc/avr/4.8.1/avrxmega6\libgcc.a(_udivmodhi4.o)
                              src/ASF/xmega/drivers/usb/usb_device.o (__udivmodhi4)
c:/program files (x86)/atmel/atmel toolchain/avr8 gcc/native/3.4.1061/avr8-gnu-toolchain/bin/../lib/gcc/avr/4.8.1/avrxmega6\libgcc.a(_udivmodsi4.o)
                              src/ASF/xmega/services/pwm/pwm.o (__udivmodsi4)
c:/program files (x86)/atmel/atmel toolchain/avr8 gcc/native/3.4.1061/avr8-gnu-toolchain/bin/../lib/gcc/avr/4.8.1/avrxmega6\libgcc.a(_exit.o)
                              c:/program files (x86)/atmel/atmel toolchain/avr8 gcc/native/3.4.1061/avr8-gnu-toolchain/bin/../lib/gcc/avr/4.8.1/../../../../avr/lib/avrxmega6/crtx256a3bu.o (exit)
c:/program files (x86)/atmel/atmel toolchain/avr8 gcc/native/3.4.1061/avr8-gnu-toolchain/bin/../lib/gcc/avr/4.8.1/avrxmega6\libgcc.a(_tablejump.o)
                              src/ASF/xmega/services/pwm/pwm.o (__tablejump2__)
c:/program files (x86)/atmel/atmel toolchain/avr8 gcc/native/3.4.1061/avr8-gnu-toolchain/bin/../lib/gcc/avr/4.8.1/avrxmega6\libgcc.a(_copy_data.o)
                              src/ASF/common/services/usb/class/composite/device/udi_composite_desc.o (__do_copy_data)
c:/program files (x86)/atmel/atmel toolchain/avr8 gcc/native/3.4.1061/avr8-gnu-toolchain/bin/../lib/gcc/avr/4.8.1/avrxmega6\libgcc.a(_clear_bss.o)
                              src/ASF/common/services/usb/class/hid/device/generic/udi_hid_generic.o (__do_clear_bss)
c:/program files (x86)/atmel/atmel toolchain/avr8 gcc/native/3.4.1061/avr8-gnu-toolchain/bin/../lib/gcc/avr/4.8.1/avrxmega6\libgcc.a(_umulhisi3.o)
                              src/ASF/xmega/services/pwm/pwm.o (__umulhisi3)
c:/program files (x86)/atmel/atmel toolchain/avr8 gcc/native/3.4.1061/avr8-gnu-toolchain/bin/../lib/gcc/avr/4.8.1/../../../../avr/lib/avrxmega6\libc.a(memcmp.o)
                              src/SerialStateMachine.o (memcmp)
c:/program files (x86)/atmel/atmel toolchain/avr8 gcc/native/3.4.1061/avr8-gnu-toolchain/bin/../lib/gcc/avr/4.8.1/../../../../avr/lib/avrxmega6\libc.a(memcpy.o)
                              src/ASF/common/services/usb/class/cdc/device/udi_cdc.o (memcpy)
c:/program files (x86)/atmel/atmel toolchain/avr8 gcc/native/3.4.1061/avr8-gnu-toolchain/bin/../lib/gcc/avr/4.8.1/../../../../avr/lib/avrxmega6\libc.a(strcmp.o)
                              src/Console.o (strcmp)
c:/program files (x86)/atmel/atmel toolchain/avr8 gcc/native/3.4.1061/avr8-gnu-toolchain/bin/../lib/gcc/avr/4.8.1/../../../../avr/lib/avrxmega6\libc.a(printf.o)
                              src/NXP/tmdlHdmiRx.o (printf)
c:/program files (x86)/atmel/atmel toolchain/avr8 gcc/native/3.4.1061/avr8-gnu-toolchain/bin/../lib/gcc/avr/4.8.1/../../../../avr/lib/avrxmega6\libc.a(puts.o)
                              src/NXP/tmbslTDA1997X_functions.o (puts)
c:/program files (x86)/atmel/atmel toolchain/avr8 gcc/native/3.4.1061/avr8-gnu-toolchain/bin/../lib/gcc/avr/4.8.1/../../../../avr/lib/avrxmega6\libc.a(sprintf.o)
                              src/NXP/AVRHDMI.o (sprintf)
c:/program files (x86)/atmel/atmel toolchain/avr8 gcc/native/3.4.1061/avr8-gnu-toolchain/bin/../lib/gcc/avr/4.8.1/../../../../avr/lib/avrxmega6\libc.a(vfprintf_std.o)
                              c:/program files (x86)/atmel/atmel toolchain/avr8 gcc/native/3.4.1061/avr8-gnu-toolchain/bin/../lib/gcc/avr/4.8.1/../../../../avr/lib/avrxmega6\libc.a(printf.o) (vfprintf)
c:/program files (x86)/atmel/atmel toolchain/avr8 gcc/native/3.4.1061/avr8-gnu-toolchain/bin/../lib/gcc/avr/4.8.1/../../../../avr/lib/avrxmega6\libc.a(strnlen_P.o)
                              c:/program files (x86)/atmel/atmel toolchain/avr8 gcc/native/3.4.1061/avr8-gnu-toolchain/bin/../lib/gcc/avr/4.8.1/../../../../avr/lib/avrxmega6\libc.a(vfprintf_std.o) (strnlen_P)
c:/program files (x86)/atmel/atmel toolchain/avr8 gcc/native/3.4.1061/avr8-gnu-toolchain/bin/../lib/gcc/avr/4.8.1/../../../../avr/lib/avrxmega6\libc.a(strnlen.o)
                              c:/program files (x86)/atmel/atmel toolchain/avr8 gcc/native/3.4.1061/avr8-gnu-toolchain/bin/../lib/gcc/avr/4.8.1/../../../../avr/lib/avrxmega6\libc.a(vfprintf_std.o) (strnlen)
c:/program files (x86)/atmel/atmel toolchain/avr8 gcc/native/3.4.1061/avr8-gnu-toolchain/bin/../lib/gcc/avr/4.8.1/../../../../avr/lib/avrxmega6\libc.a(fputc.o)
                              c:/program files (x86)/atmel/atmel toolchain/avr8 gcc/native/3.4.1061/avr8-gnu-toolchain/bin/../lib/gcc/avr/4.8.1/../../../../avr/lib/avrxmega6\libc.a(vfprintf_std.o) (fputc)
c:/program files (x86)/atmel/atmel toolchain/avr8 gcc/native/3.4.1061/avr8-gnu-toolchain/bin/../lib/gcc/avr/4.8.1/../../../../avr/lib/avrxmega6\libc.a(iob.o)
[...]
Memory Configuration

Name             Origin             Length             Attributes
text             0x00000000         0x00100000         xr
data             0x00802000         0x0000ffa0         rw !x
eeprom           0x00810000         0x00010000         rw !x
fuse             0x00820000         0x00000400         rw !x
lock             0x00830000         0x00000400         rw !x
signature        0x00840000         0x00000400         rw !x
user_signatures  0x00850000         0x00000400         rw !x
*default*        0x00000000         0xffffffff

Linker script and memory map

LOAD c:/program files (x86)/atmel/atmel toolchain/avr8 gcc/native/3.4.1061/avr8-gnu-toolchain/bin/../lib/gcc/avr/4.8.1/../../../../avr/lib/avrxmega6/crtx256a3bu.o
LOAD src/ASF/common/services/usb/class/composite/device/udi_composite_desc.o
LOAD src/ASF/common/services/usb/class/hid/device/generic/udi_hid_generic.o
LOAD src/ASF/common/services/usb/class/hid/device/udi_hid.o
LOAD src/ASF/xmega/drivers/rtc32/rtc32.o
LOAD src/ASF/xmega/drivers/tc/tc.o
LOAD src/ASF/xmega/services/pwm/pwm.o
LOAD src/ASF/xmega/services/timeout/timeout.o
LOAD src/DeviceDrivers/BNO070.o
LOAD _StackInstrument.o
LOAD src/ASF/common/services/clock/xmega/sysclk.o
LOAD src/ASF/common/services/ioport/xmega/ioport_compat.o
LOAD src/ASF/common/services/serial/usart_serial.o
LOAD src/ASF/common/services/sleepmgr/xmega/sleepmgr.o
LOAD src/ASF/common/services/spi/xmega_spi/spi_master.o
LOAD src/ASF/common/services/spi/xmega_usart_spi/usart_spi.o
LOAD src/ASF/common/services/usb/class/cdc/device/example/atxmega256a3bu_xmega_a3bu_xplained/ui.o
LOAD src/ASF/common/services/usb/class/cdc/device/udi_cdc.o
LOAD src/ASF/common/services/usb/udc/udc.o
LOAD src/ASF/xmega/boards/xmega_a3bu_xplained/init.o
LOAD src/ASF/xmega/drivers/cpu/ccp.o
LOAD src/ASF/xmega/drivers/nvm/nvm.o
LOAD src/ASF/xmega/drivers/nvm/nvm_asm.o
LOAD src/ASF/xmega/drivers/spi/spi.o
LOAD src/ASF/xmega/drivers/twi/twim.o
LOAD src/ASF/xmega/drivers/twi/twis.o
LOAD src/ASF/xmega/drivers/usart/usart.o
LOAD src/ASF/xmega/drivers/usb/usb_device.o
LOAD src/Boot.o
LOAD src/Console.o
LOAD src/DeviceDrivers/Solomon.o
LOAD src/DeviceDrivers/TI-TMDS442.o
LOAD src/FPGA.o
LOAD src/main.o
LOAD src/my_hardware.o
LOAD src/NXP/AVRHDMI.o
LOAD src/NXP/i2c.o
LOAD src/NXP/tmbslTDA1997X_functions.o
LOAD src/NXP/tmdlHdmiRx.o
LOAD src/NXP/tmdlHdmiRx_cfg.o
LOAD src/NXP/tmdlHdmiRx_IW_RTX.o
LOAD src/SerialStateMachine.o
LOAD src/uart_xmega.o
START GROUP
LOAD c:/program files (x86)/atmel/atmel toolchain/avr8 gcc/native/3.4.1061/avr8-gnu-toolchain/bin/../lib/gcc/avr/4.8.1/../../../../avr/lib/avrxmega6\libm.a
END GROUP
Address of section .BOOT set to 0x40000
START GROUP
LOAD c:/program files (x86)/atmel/atmel toolchain/avr8 gcc/native/3.4.1061/avr8-gnu-toolchain/bin/../lib/gcc/avr/4.8.1/avrxmega6\libgcc.a
LOAD c:/program files (x86)/atmel/atmel toolchain/avr8 gcc/native/3.4.1061/avr8-gnu-toolchain/bin/../lib/gcc/avr/4.8.1/../../../../avr/lib/avrxmega6\libm.a
LOAD c:/program files (x86)/atmel/atmel toolchain/avr8 gcc/native/3.4.1061/avr8-gnu-toolchain/bin/../lib/gcc/avr/4.8.1/../../../../avr/lib/avrxmega6\libc.a
END GROUP

.hash
 *(.hash)

.dynsym
 *(.dynsym)

.dynstr
 *(.dynstr)

.gnu.version
 *(.gnu.version)

.gnu.version_d
 *(.gnu.version_d)

.gnu.version_r
 *(.gnu.version_r)

.rel.init
 *(.rel.init)

.rela.init
 *(.rela.init)

.rel.text
 *(.rel.text)
 *(.rel.text.*)
 *(.rel.gnu.linkonce.t*)

.rela.text
 *(.rela.text)
 *(.rela.text.*)
 *(.rela.gnu.linkonce.t*)

.rel.fini
 *(.rel.fini)

.rela.fini
 *(.rela.fini)

.rel.rodata
 *(.rel.rodata)
 *(.rel.rodata.*)
 *(.rel.gnu.linkonce.r*)

.rela.rodata
 *(.rela.rodata)
 *(.rela.rodata.*)
 *(.rela.gnu.linkonce.r*)

.rel.data
 *(.rel.data)
 *(.rel.data.*)
 *(.rel.gnu.linkonce.d*)

.rela.data
 *(.rela.data)
 *(.rela.data.*)
 *(.rela.gnu.linkonce.d*)

.rel.ctors
 *(.rel.ctors)

.rela.ctors
 *(.rela.ctors)

.rel.dtors
 *(.rel.dtors)

.rela.dtors
 *(.rela.dtors)

.rel.got
 *(.rel.got)

.rela.got
 *(.rela.got)

.rel.bss
 *(.rel.bss)

.rela.bss
 *(.rela.bss)

.rel.plt
 *(.rel.plt)

.rela.plt
 *(.rela.plt)

.text           0x00000000    0x1564c
 *(.vectors)
 .vectors       0x00000000      0x1fc c:/program files (x86)/atmel/atmel toolchain/avr8 gcc/native/3.4.1061/avr8-gnu-toolchain/bin/../lib/gcc/avr/4.8.1/../../../../avr/lib/avrxmega6/crtx256a3bu.o
                0x00000000                __vector_default
                0x00000000                __vectors
 *(.vectors)
 *(.progmem.gcc*)
 .progmem.gcc_sw_table.udd_ep_get_size
                0x000001fc        0xe src/ASF/xmega/drivers/usb/usb_device.o
 .progmem.gcc_sw_table.eventCallback0
                0x0000020a       0x66 src/NXP/AVRHDMI.o
 .progmem.gcc_sw_table.infoFrameCallback0
                0x00000270       0x1e src/NXP/AVRHDMI.o
 .progmem.gcc_sw_table.tmbslTDA1997XReadI2C
                0x0000028e       0x86 src/NXP/tmbslTDA1997X_functions.o
 .progmem.gcc_sw_table.tmbslTDA1997XDefineVideoPort
                0x00000314      0x11e src/NXP/tmbslTDA1997X_functions.o
 .progmem.gcc_sw_table.tmbslTDA1997XGetInfoframe
                0x00000432        0xe src/NXP/tmbslTDA1997X_functions.o
 .progmem.gcc_sw_table.dlHdmiRxGetInterruptStatus
                0x00000440       0x3a src/NXP/tmdlHdmiRx.o
 .progmem.gcc_sw_table.dlHdmiRxManageCallbackInstance
                0x0000047a       0x34 src/NXP/tmdlHdmiRx.o
 .progmem.gcc_sw_table.tmdlHdmiRxOpenM
                0x000004ae       0x18 src/NXP/tmdlHdmiRx.o
 .progmem.gcc_sw_table.tmdlHdmiRxEnableEvent
                0x000004c6       0x3a src/NXP/tmdlHdmiRx.o
 .progmem.gcc_sw_table.tmdlHdmiRxSelectInput
                0x00000500       0x26 src/NXP/tmdlHdmiRx.o
 .progmem.gcc_sw_table.tmdlHdmiRxConfigureInput
                0x00000526       0x2c src/NXP/tmdlHdmiRx.o
 .progmem.gcc_sw_table.tmdlHdmiRxSetAudioOutputFormat
                0x00000552       0x12 src/NXP/tmdlHdmiRx.o
 .progmem.gcc_sw_table.dl2bslVP
                0x00000564       0x30 src/NXP/tmdlHdmiRx.o
 .progmem.gcc_sw_table.dl2bslColQ
                0x00000594       0x28 src/NXP/tmdlHdmiRx.o
 .progmem.gcc_sw_table.ProcessSPICommand
                0x000005bc       0x90 src/SerialStateMachine.o
 .progmem.gcc_sw_table.ProcessI2CCommand
                0x0000064c       0xf4 src/SerialStateMachine.o
 .progmem.gcc_sw_table.ProcessHDMICommand
                0x00000740       0x8e src/SerialStateMachine.o
 .progmem.gcc_sw_table.ProcessCommand
                0x000007ce       0xca src/SerialStateMachine.o
                0x00000898                . = ALIGN (0x2)
                0x00000898                __trampolines_start = .
 *(.trampolines)
 .trampolines   0x00000898        0x0 linker stubs
 *(.trampolines*)
                0x00000898                __trampolines_end = .
 *(.progmem*)
 .progmem.data.cXVYCCColorimetryData
                0x00000898       0x17 src/NXP/AVRHDMI.o
                0x00000898                cXVYCCColorimetryData
 .progmem.data.cNoColorimetryData
                0x000008af       0x14 src/NXP/AVRHDMI.o
                0x000008af                cNoColorimetryData
 .progmem.data.cYCBCRColorSpace
                0x000008c3       0x12 src/NXP/AVRHDMI.o
                0x000008c3                cYCBCRColorSpace
 .progmem.data.cTVFormatRGBLimitedRange
                0x000008d5       0x1f src/NXP/AVRHDMI.o
                0x000008d5                cTVFormatRGBLimitedRange
 .progmem.data.cPCFormatRGBFullRange
                0x000008f4       0x1c src/NXP/AVRHDMI.o
                0x000008f4                cPCFormatRGBFullRange
 .progmem.data.cRGBColorSpace
                0x00000910       0x10 src/NXP/AVRHDMI.o
                0x00000910                cRGBColorSpace
 .progmem.data.cUnknownResolution
                0x00000920       0x13 src/NXP/AVRHDMI.o
                0x00000920                cUnknownResolution
 .progmem.data.c1400_1050p_60HZ_RB
                0x00000933       0x21 src/NXP/AVRHDMI.o
                0x00000933                c1400_1050p_60HZ_RB
 .progmem.data.c1400_1050p_60HZ
                0x00000954       0x10 src/NXP/AVRHDMI.o
                0x00000954                c1400_1050p_60HZ
 .progmem.data.c1360_768p_60HZ
                0x00000964        0xf src/NXP/AVRHDMI.o
                0x00000964                c1360_768p_60HZ
 .progmem.data.c1920_1200p_60HZ_RB
                0x00000973       0x16 src/NXP/AVRHDMI.o
                0x00000973                c1920_1200p_60HZ_RB
 .progmem.data.c1680_1050p_60HZ_RB
                0x00000989       0x15 src/NXP/AVRHDMI.o
                0x00000989                c1680_1050p_60HZ_RB
 .progmem.data.c1600_1200p_60HZ
                0x0000099e       0x14 src/NXP/AVRHDMI.o
                0x0000099e                c1600_1200p_60HZ
 .progmem.data.c1280_1024p_60HZ
                0x000009b2       0x15 src/NXP/AVRHDMI.o
                0x000009b2                c1280_1024p_60HZ
 .progmem.data.c1280_960p_60HZ
                0x000009c7        0xf src/NXP/AVRHDMI.o
                0x000009c7                c1280_960p_60HZ
 .progmem.data.c1280_768p_60HZ
                0x000009d6       0x14 src/NXP/AVRHDMI.o
                0x000009d6                c1280_768p_60HZ
 .progmem.data.c1024_768p_60HZ
                0x000009ea       0x13 src/NXP/AVRHDMI.o
                0x000009ea                c1024_768p_60HZ
 .progmem.data.c800_600p_60HZ
                0x000009fd       0x13 src/NXP/AVRHDMI.o
                0x000009fd                c800_600p_60HZ
 .progmem.data.c640_480p_60HZ
                0x00000a10       0x12 src/NXP/AVRHDMI.o
                0x00000a10                c640_480p_60HZ
 .progmem.data.c1080_1920p_60HZ
                0x00000a22       0x10 src/NXP/AVRHDMI.o
                0x00000a22                c1080_1920p_60HZ
 .progmem.data.c1920_1080p_60HZ
                0x00000a32       0x12 src/NXP/AVRHDMI.o
                0x00000a32                c1920_1080p_60HZ
 .progmem.data.c720_480i_60HZ
                0x00000a44       0x10 src/NXP/AVRHDMI.o
                0x00000a44                c720_480i_60HZ
 .progmem.data.c1920_1080i_60HZ
                0x00000a54       0x12 src/NXP/AVRHDMI.o
                0x00000a54                c1920_1080i_60HZ
 .progmem.data.c1280_720p_60HZ
                0x00000a66       0x11 src/NXP/AVRHDMI.o
                0x00000a66                c1280_720p_60HZ
 .progmem.data.c720_480p_60HZ
                0x00000a77       0x10 src/NXP/AVRHDMI.o
                0x00000a77                c720_480p_60HZ
 .progmem.data.cErroneousEvent
                0x00000a87       0x2c src/NXP/AVRHDMI.o
                0x00000a87                cErroneousEvent
 .progmem.data.cRepeaterState5Reached
                0x00000ab3       0x19 src/NXP/AVRHDMI.o
                0x00000ab3                cRepeaterState5Reached
 .progmem.data.cWrongValue
                0x00000acc        0xe src/NXP/AVRHDMI.o
                0x00000acc                cWrongValue
 .progmem.data.cAudioSample192KHz
                0x00000ada       0x1b src/NXP/AVRHDMI.o
                0x00000ada                cAudioSample192KHz
 .progmem.data.cAudioSample176KHz
                0x00000af5       0x1d src/NXP/AVRHDMI.o
                0x00000af5                cAudioSample176KHz
 .progmem.data.cAudioSample96KHz
                0x00000b12       0x1a src/NXP/AVRHDMI.o
                0x00000b12                cAudioSample96KHz
 .progmem.data.cAudioSample88KHz
                0x00000b2c       0x1c src/NXP/AVRHDMI.o
                0x00000b2c                cAudioSample88KHz
 .progmem.data.cAudioSample48KHz
                0x00000b48       0x1a src/NXP/AVRHDMI.o
                0x00000b48                cAudioSample48KHz
 .progmem.data.cAudioSample44KHz
                0x00000b62       0x1c src/NXP/AVRHDMI.o
                0x00000b62                cAudioSample44KHz
 .progmem.data.cAudioSample32KHz
                0x00000b7e       0x18 src/NXP/AVRHDMI.o
                0x00000b7e                cAudioSample32KHz
 .progmem.data.cCalculationError
                0x00000b96       0x12 src/NXP/AVRHDMI.o
                0x00000b96                cCalculationError
 .progmem.data.cAudioDSTPackets
                0x00000ba8       0x12 src/NXP/AVRHDMI.o
                0x00000ba8                cAudioDSTPackets
 .progmem.data.cAudioOBAPackets
                0x00000bba       0x12 src/NXP/AVRHDMI.o
                0x00000bba                cAudioOBAPackets
 .progmem.data.cAudioHBRPackets
                0x00000bcc       0x12 src/NXP/AVRHDMI.o
                0x00000bcc                cAudioHBRPackets
 .progmem.data.cAudioSamplePackets
                0x00000bde       0x15 src/NXP/AVRHDMI.o
                0x00000bde                cAudioSamplePackets
 .progmem.data.cDeepColor36Bit
                0x00000bf3       0x19 src/NXP/AVRHDMI.o
                0x00000bf3                cDeepColor36Bit
 .progmem.data.cDeepColor30Bit
                0x00000c0c       0x19 src/NXP/AVRHDMI.o
                0x00000c0c                cDeepColor30Bit
 .progmem.data.cDeepColor24Bit
                0x00000c25       0x19 src/NXP/AVRHDMI.o
                0x00000c25                cDeepColor24Bit
 .progmem.data.cAVMuteInactive
                0x00000c3e       0x11 src/NXP/AVRHDMI.o
                0x00000c3e                cAVMuteInactive
 .progmem.data.cAVMuteActive
                0x00000c4f        0xf src/NXP/AVRHDMI.o
                0x00000c4f                cAVMuteActive
 .progmem.data.cDVIOESSMode
                0x00000c5e       0x10 src/NXP/AVRHDMI.o
                0x00000c5e                cDVIOESSMode
 .progmem.data.cEESSMode
                0x00000c6e        0xa src/NXP/AVRHDMI.o
                0x00000c6e                cEESSMode
 .progmem.data.cNotHDCPEncrypted
                0x00000c78       0x14 src/NXP/AVRHDMI.o
                0x00000c78                cNotHDCPEncrypted
 .progmem.data.cHDCPEncrypted
                0x00000c8c       0x10 src/NXP/AVRHDMI.o
                0x00000c8c                cHDCPEncrypted
 .progmem.data.cDVIMode
                0x00000c9c        0x9 src/NXP/AVRHDMI.o
                0x00000c9c                cDVIMode
 .progmem.data.cHDMIMode
                0x00000ca5        0xa src/NXP/AVRHDMI.o
                0x00000ca5                cHDMIMode
 .progmem.data.cAutomaticDetectionOfResolution
                0x00000caf       0x24 src/NXP/AVRHDMI.o
                0x00000caf                cAutomaticDetectionOfResolution
 .progmem.data.cAutomaticALocked
                0x00000cd3       0x19 src/NXP/AVRHDMI.o
                0x00000cd3                cAutomaticALocked
 .progmem.data.cErroneousEventInfoframe
                0x00000cec       0x27 src/NXP/AVRHDMI.o
                0x00000cec                cErroneousEventInfoframe
 .progmem.data.cGamutMetadataReceived
                0x00000d13       0x20 src/NXP/AVRHDMI.o
                0x00000d13                cGamutMetadataReceived
 .progmem.data.cInfoframeMPEGReceived
                0x00000d33       0x19 src/NXP/AVRHDMI.o
                0x00000d33                cInfoframeMPEGReceived
 .progmem.data.cInfoframeAUDreceived
                0x00000d4c       0x18 src/NXP/AVRHDMI.o
                0x00000d4c                cInfoframeAUDreceived
 .progmem.data.cWrong
                0x00000d64       0x12 src/NXP/AVRHDMI.o
                0x00000d64                cWrong
 .progmem.data.cExtendedxvYCC
                0x00000d76       0x1d src/NXP/AVRHDMI.o
                0x00000d76                cExtendedxvYCC
 .progmem.data.cITU709
                0x00000d93       0x13 src/NXP/AVRHDMI.o
                0x00000d93                cITU709
 .progmem.data.cSMPTE170M
                0x00000da6       0x20 src/NXP/AVRHDMI.o
                0x00000da6                cSMPTE170M
 .progmem.data.cNoData
                0x00000dc6       0x14 src/NXP/AVRHDMI.o
                0x00000dc6                cNoData
 .progmem.data.cWrongColorIndicator
                0x00000dda       0x16 src/NXP/AVRHDMI.o
                0x00000dda                cWrongColorIndicator
 .progmem.data.cFuture
                0x00000df0        0x7 src/NXP/AVRHDMI.o
                0x00000df0                cFuture
 .progmem.data.cYCbCr444
                0x00000df7        0xa src/NXP/AVRHDMI.o
                0x00000df7                cYCbCr444
 .progmem.data.cYCbCr422
                0x00000e01        0xa src/NXP/AVRHDMI.o
                0x00000e01                cYCbCr422
 .progmem.data.cRGB
                0x00000e0b        0x4 src/NXP/AVRHDMI.o
                0x00000e0b                cRGB
 .progmem.data.cColorSpace
                0x00000e0f        0xd src/NXP/AVRHDMI.o
                0x00000e0f                cColorSpace
 .progmem.data.cWrongPacketType
                0x00000e1c       0x18 src/NXP/AVRHDMI.o
                0x00000e1c                cWrongPacketType
 .progmem.data.cAVIReceived
                0x00000e34        0xd src/NXP/AVRHDMI.o
                0x00000e34                cAVIReceived
 .progmem.data.cACPReceived
                0x00000e41        0xd src/NXP/AVRHDMI.o
                0x00000e41                cACPReceived
 .progmem.data.cISRC2Received
                0x00000e4e        0xf src/NXP/AVRHDMI.o
                0x00000e4e                cISRC2Received
 .progmem.data.cISRC1Received
                0x00000e5d        0xf src/NXP/AVRHDMI.o
                0x00000e5d                cISRC1Received
 .progmem.data.cInfoframe
                0x00000e6c        0xd src/NXP/AVRHDMI.o
                0x00000e6c                cInfoframe
 .progmem.data.cReceiverA
                0x00000e79        0xc src/NXP/AVRHDMI.o
                0x00000e79                cReceiverA
 .progmem.data.SwitchProblem
                0x00000e85        0xf src/NXP/AVRHDMI.o
                0x00000e85                SwitchProblem
 .progmem.data.cDigitalActivityDetected
                0x00000e94       0x1a src/NXP/AVRHDMI.o
                0x00000e94                cDigitalActivityDetected
 .progmem.data.cDigitalActivityLost
                0x00000eae       0x16 src/NXP/AVRHDMI.o
                0x00000eae                cDigitalActivityLost
 .progmem.data.cUnknown
                0x00000ec4        0xa src/NXP/AVRHDMI.o
                0x00000ec4                cUnknown
 .progmem.data.cB
                0x00000ece        0x4 src/NXP/AVRHDMI.o
                0x00000ece                cB
 .progmem.data.cA
                0x00000ed2        0x4 src/NXP/AVRHDMI.o
                0x00000ed2                cA
 .progmem.data.cInput
                0x00000ed6        0x7 src/NXP/AVRHDMI.o
                0x00000ed6                cInput
                0x00000ede                . = ALIGN (0x2)
 *fill*         0x00000edd        0x1 
 *(.jumptables)
 *(.jumptables*)
 *(.lowtext)
 *(.lowtext*)
                0x00000ede                __ctors_start = .
 *(.ctors)
                0x00000ede                __ctors_end = .
                0x00000ede                __dtors_start = .
 *(.dtors)
                0x00000ede                __dtors_end = .
 SORT(*)(.ctors)
 SORT(*)(.dtors)
 *(.init0)
 .init0         0x00000ede        0x0 c:/program files (x86)/atmel/atmel toolchain/avr8 gcc/native/3.4.1061/avr8-gnu-toolchain/bin/../lib/gcc/avr/4.8.1/../../../../avr/lib/avrxmega6/crtx256a3bu.o
                0x00000ede                __init
 *(.init0)
 *(.init1)
 .init1         0x00000ede       0x2e _StackInstrument.o
                0x00000ede                _StackPaint
 *(.init1)
 *(.init2)
 .init2         0x00000f0c       0x10 c:/program files (x86)/atmel/atmel toolchain/avr8 gcc/native/3.4.1061/avr8-gnu-toolchain/bin/../lib/gcc/avr/4.8.1/../../../../avr/lib/avrxmega6/crtx256a3bu.o
 *(.init2)
 *(.init3)
 *(.init3)
 *(.init4)
 .init4         0x00000f1c       0x1a c:/program files (x86)/atmel/atmel toolchain/avr8 gcc/native/3.4.1061/avr8-gnu-toolchain/bin/../lib/gcc/avr/4.8.1/avrxmega6\libgcc.a(_copy_data.o)
                0x00000f1c                __do_copy_data
 .init4         0x00000f36       0x10 c:/program files (x86)/atmel/atmel toolchain/avr8 gcc/native/3.4.1061/avr8-gnu-toolchain/bin/../lib/gcc/avr/4.8.1/avrxmega6\libgcc.a(_clear_bss.o)
                0x00000f36                __do_clear_bss
 *(.init4)
 *(.init5)
 *(.init5)
 *(.init6)
 *(.init6)
 *(.init7)
 *(.init7)
 *(.init8)
 *(.init8)
 *(.init9)
 .init9         0x00000f46        0x8 c:/program files (x86)/atmel/atmel toolchain/avr8 gcc/native/3.4.1061/avr8-gnu-toolchain/bin/../lib/gcc/avr/4.8.1/../../../../avr/lib/avrxmega6/crtx256a3bu.o
 *(.init9)
 *(.text)
 .text          0x00000f4e        0x2 c:/program files (x86)/atmel/atmel toolchain/avr8 gcc/native/3.4.1061/avr8-gnu-toolchain/bin/../lib/gcc/avr/4.8.1/../../../../avr/lib/avrxmega6/crtx256a3bu.o
                0x00000f4e                __vector_38
                0x00000f4e                __vector_104
                0x00000f4e                __vector_63
                0x00000f4e                __vector_28
                0x00000f4e                __vector_67
                0x00000f4e                __vector_1
                0x00000f4e                __vector_32
                0x00000f4e                __vector_75
                0x00000f4e                __vector_71
                0x00000f4e                __vector_91
                0x00000f4e                __vector_34
                0x00000f4e                __vector_62
                0x00000f4e                __vector_102
                0x00000f4e                __vector_24
                0x00000f4e                __vector_12
                0x00000f4e                __vector_69
                0x00000f4e                __vector_90
                0x00000f4e                __bad_interrupt
                0x00000f4e                __vector_122
                0x00000f4e                __vector_72
                0x00000f4e                __vector_114
                0x00000f4e                __vector_6
                0x00000f4e                __vector_31
                0x00000f4e                __vector_92
                0x00000f4e                __vector_35
                0x00000f4e                __vector_74
                0x00000f4e                __vector_117
                0x00000f4e                __vector_39
                0x00000f4e                __vector_107
                0x00000f4e                __vector_3
                0x00000f4e                __vector_105
                0x00000f4e                __vector_98
                0x00000f4e                __vector_68
                0x00000f4e                __vector_30
                0x00000f4e                __vector_73
                0x00000f4e                __vector_45
                0x00000f4e                __vector_25
                0x00000f4e                __vector_93
                0x00000f4e                __vector_61
                0x00000f4e                __vector_99
                0x00000f4e                __vector_7
                0x00000f4e                __vector_123
                0x00000f4e                __vector_41
                0x00000f4e                __vector_100
                0x00000f4e                __vector_101
                0x00000f4e                __vector_64
                0x00000f4e                __vector_88
                0x00000f4e                __vector_43
                0x00000f4e                __vector_27
                0x00000f4e                __vector_5
                0x00000f4e                __vector_33
                0x00000f4e                __vector_76
                0x00000f4e                __vector_115
                0x00000f4e                __vector_37
                0x00000f4e                __vector_95
                0x00000f4e                __vector_103
                0x00000f4e                __vector_96
                0x00000f4e                __vector_89
                0x00000f4e                __vector_4
                0x00000f4e                __vector_44
                0x00000f4e                __vector_106
                0x00000f4e                __vector_118
                0x00000f4e                __vector_9
                0x00000f4e                __vector_2
                0x00000f4e                __vector_66
                0x00000f4e                __vector_36
                0x00000f4e                __vector_58
                0x00000f4e                __vector_70
                0x00000f4e                __vector_29
                0x00000f4e                __vector_60
                0x00000f4e                __vector_121
                0x00000f4e                __vector_40
                0x00000f4e                __vector_94
                0x00000f4e                __vector_8
                0x00000f4e                __vector_26
                0x00000f4e                __vector_124
                0x00000f4e                __vector_116
                0x00000f4e                __vector_57
                0x00000f4e                __vector_10
                0x00000f4e                __vector_59
                0x00000f4e                __vector_97
                0x00000f4e                __vector_42
                0x00000f4e                __vector_87
                0x00000f4e                __vector_65
                0x00000f50                . = ALIGN (0x2)
 *(.text.*)
 .text.udi_hid_generic_disable
                0x00000f50        0x2 src/ASF/common/services/usb/class/hid/device/generic/udi_hid_generic.o
                0x00000f50                udi_hid_generic_disable
 .text.udi_hid_generic_getsetting
                0x00000f52        0x4 src/ASF/common/services/usb/class/hid/device/generic/udi_hid_generic.o
                0x00000f52                udi_hid_generic_getsetting
 .text.udi_hid_generic_setreport
                0x00000f56       0x54 src/ASF/common/services/usb/class/hid/device/generic/udi_hid_generic.o
 .text.udi_hid_generic_setfeature_valid
                0x00000faa        0x2 src/ASF/common/services/usb/class/hid/device/generic/udi_hid_generic.o
 .text.udi_hid_generic_report_in_sent
                0x00000fac        0x8 src/ASF/common/services/usb/class/hid/device/generic/udi_hid_generic.o
 .text.udi_hid_generic_report_out_enable
                0x00000fb4       0x1e src/ASF/common/services/usb/class/hid/device/generic/udi_hid_generic.o
 .text.udi_hid_generic_enable
                0x00000fd2       0x12 src/ASF/common/services/usb/class/hid/device/generic/udi_hid_generic.o
                0x00000fd2                udi_hid_generic_enable
 .text.udi_hid_generic_report_out_received
                0x00000fe4        0x8 src/ASF/common/services/usb/class/hid/device/generic/udi_hid_generic.o
 .text.udi_hid_generic_setup
                0x00000fec       0x14 src/ASF/common/services/usb/class/hid/device/generic/udi_hid_generic.o
                0x00000fec                udi_hid_generic_setup
 .text.udi_hid_generic_send_report_in
                0x00001000       0x62 src/ASF/common/services/usb/class/hid/device/generic/udi_hid_generic.o
                0x00001000                udi_hid_generic_send_report_in
 .text.udi_hid_setup
                0x00001062      0x12e src/ASF/common/services/usb/class/hid/device/udi_hid.o
                0x00001062                udi_hid_setup
 .text.rtc_get_time
                0x00001190       0x1c src/ASF/xmega/drivers/rtc32/rtc32.o
                0x00001190                rtc_get_time
 .text.__vector_11
                0x000011ac       0x6c src/ASF/xmega/drivers/rtc32/rtc32.o
                0x000011ac                __vector_11
 .text.__vector_14
                0x00001218       0x5a src/ASF/xmega/drivers/tc/tc.o
                0x00001218                __vector_14
 .text.__vector_15
                0x00001272       0x5a src/ASF/xmega/drivers/tc/tc.o
                0x00001272                __vector_15
 .text.__vector_16
                0x000012cc       0x5a src/ASF/xmega/drivers/tc/tc.o
                0x000012cc                __vector_16
 .text.__vector_17
                0x00001326       0x5a src/ASF/xmega/drivers/tc/tc.o
                0x00001326                __vector_17
 .text.__vector_18
                0x00001380       0x5a src/ASF/xmega/drivers/tc/tc.o
                0x00001380                __vector_18
 .text.__vector_19
                0x000013da       0x5a src/ASF/xmega/drivers/tc/tc.o
                0x000013da                __vector_19
 .text.__vector_20
                0x00001434       0x5a src/ASF/xmega/drivers/tc/tc.o
                0x00001434                __vector_20
 .text.__vector_21
                0x0000148e       0x5a src/ASF/xmega/drivers/tc/tc.o
                0x0000148e                __vector_21
 .text.__vector_22
                0x000014e8       0x5a src/ASF/xmega/drivers/tc/tc.o
                0x000014e8                __vector_22
 .text.__vector_23
                0x00001542       0x5a src/ASF/xmega/drivers/tc/tc.o
                0x00001542                __vector_23
 .text.__vector_77
                0x0000159c       0x5a src/ASF/xmega/drivers/tc/tc.o
                0x0000159c                __vector_77
 .text.__vector_78
                0x000015f6       0x5a src/ASF/xmega/drivers/tc/tc.o
                0x000015f6                __vector_78
 .text.__vector_79
                0x00001650       0x5a src/ASF/xmega/drivers/tc/tc.o
                0x00001650                __vector_79
 .text.__vector_80
                0x000016aa       0x5a src/ASF/xmega/drivers/tc/tc.o
                0x000016aa                __vector_80
 .text.__vector_81
                0x00001704       0x5a src/ASF/xmega/drivers/tc/tc.o
                0x00001704                __vector_81
 .text.__vector_82
                0x0000175e       0x5a src/ASF/xmega/drivers/tc/tc.o
                0x0000175e                __vector_82
 .text.__vector_83
                0x000017b8       0x5a src/ASF/xmega/drivers/tc/tc.o
                0x000017b8                __vector_83
 .text.__vector_84
                0x00001812       0x5a src/ASF/xmega/drivers/tc/tc.o
                0x00001812                __vector_84
 .text.__vector_85
                0x0000186c       0x5a src/ASF/xmega/drivers/tc/tc.o
                0x0000186c                __vector_85
 .text.__vector_86
                0x000018c6       0x5a src/ASF/xmega/drivers/tc/tc.o
                0x000018c6                __vector_86
 .text.__vector_47
                0x00001920       0x5a src/ASF/xmega/drivers/tc/tc.o
                0x00001920                __vector_47
 .text.__vector_48
                0x0000197a       0x5a src/ASF/xmega/drivers/tc/tc.o
                0x0000197a                __vector_48
 .text.__vector_49
                0x000019d4       0x5a src/ASF/xmega/drivers/tc/tc.o
                0x000019d4                __vector_49
 .text.__vector_50
                0x00001a2e       0x5a src/ASF/xmega/drivers/tc/tc.o
                0x00001a2e                __vector_50
 .text.__vector_51
                0x00001a88       0x5a src/ASF/xmega/drivers/tc/tc.o
                0x00001a88                __vector_51
 .text.__vector_52
                0x00001ae2       0x5a src/ASF/xmega/drivers/tc/tc.o
                0x00001ae2                __vector_52
 .text.__vector_53
                0x00001b3c       0x5a src/ASF/xmega/drivers/tc/tc.o
                0x00001b3c                __vector_53
 .text.__vector_54
                0x00001b96       0x5a src/ASF/xmega/drivers/tc/tc.o
                0x00001b96                __vector_54
 .text.__vector_55
                0x00001bf0       0x5a src/ASF/xmega/drivers/tc/tc.o
                0x00001bf0                __vector_55
 .text.__vector_56
                0x00001c4a       0x5a src/ASF/xmega/drivers/tc/tc.o
                0x00001c4a                __vector_56
 .text.__vector_108
                0x00001ca4       0x5a src/ASF/xmega/drivers/tc/tc.o
                0x00001ca4                __vector_108
 .text.__vector_109
                0x00001cfe       0x5a src/ASF/xmega/drivers/tc/tc.o
                0x00001cfe                __vector_109
 .text.__vector_110
                0x00001d58       0x5a src/ASF/xmega/drivers/tc/tc.o
                0x00001d58                __vector_110
 .text.__vector_111
                0x00001db2       0x5a src/ASF/xmega/drivers/tc/tc.o
                0x00001db2                __vector_111
 .text.__vector_112
                0x00001e0c       0x5a src/ASF/xmega/drivers/tc/tc.o
                0x00001e0c                __vector_112
 .text.__vector_113
                0x00001e66       0x5a src/ASF/xmega/drivers/tc/tc.o
                0x00001e66                __vector_113
 .text.init_BNO070
                0x00001ec0      0x4c0 src/DeviceDrivers/BNO070.o
                0x00001ec0                init_BNO070
 .text.Check_BNO070
                0x00002380       0x82 src/DeviceDrivers/BNO070.o
                0x00002380                Check_BNO070
 .text.Tare_BNO070
                0x00002402       0xc2 src/DeviceDrivers/BNO070.o
                0x00002402                Tare_BNO070
 .text.sysclk_init
                0x000024c4       0xe0 src/ASF/common/services/clock/xmega/sysclk.o
                0x000024c4                sysclk_init
 .text.sysclk_enable_module
                0x000025a4       0x18 src/ASF/common/services/clock/xmega/sysclk.o
                0x000025a4                sysclk_enable_module
 .text.sysclk_disable_module
                0x000025bc       0x16 src/ASF/common/services/clock/xmega/sysclk.o
                0x000025bc                sysclk_disable_module
 .text.sysclk_enable_usb
                0x000025d2       0x6e src/ASF/common/services/clock/xmega/sysclk.o
                0x000025d2                sysclk_enable_usb
 .text.sysclk_disable_usb
                0x00002640       0x12 src/ASF/common/services/clock/xmega/sysclk.o
                0x00002640                sysclk_disable_usb
 .text.ioport_configure_port_pin
                0x00002652       0x50 src/ASF/common/services/ioport/xmega/ioport_compat.o
                0x00002652                ioport_configure_port_pin
 .text.spi_master_init
                0x000026a2       0x2e src/ASF/common/services/spi/xmega_spi/spi_master.o
                0x000026a2                spi_master_init
 .text.spi_master_setup_device
                0x000026d0       0x40 src/ASF/common/services/spi/xmega_spi/spi_master.o
                0x000026d0                spi_master_setup_device
 .text.spi_select_device
                0x00002710       0x2c src/ASF/common/services/spi/xmega_spi/spi_master.o
                0x00002710                spi_select_device
 .text.spi_deselect_device
                0x0000273c       0x2c src/ASF/common/services/spi/xmega_spi/spi_master.o
                0x0000273c                spi_deselect_device
 .text.ui_init  0x00002768        0x2 src/ASF/common/services/usb/class/cdc/device/example/atxmega256a3bu_xmega_a3bu_xplained/ui.o
                0x00002768                ui_init
 .text.ui_powerdown
                0x0000276a        0x2 src/ASF/common/services/usb/class/cdc/device/example/atxmega256a3bu_xmega_a3bu_xplained/ui.o
                0x0000276a                ui_powerdown
 .text.ui_wakeup
                0x0000276c        0x2 src/ASF/common/services/usb/class/cdc/device/example/atxmega256a3bu_xmega_a3bu_xplained/ui.o
                0x0000276c                ui_wakeup
 .text.ui_com_open
                0x0000276e        0x2 src/ASF/common/services/usb/class/cdc/device/example/atxmega256a3bu_xmega_a3bu_xplained/ui.o
                0x0000276e                ui_com_open
 .text.ui_com_close
                0x00002770        0x2 src/ASF/common/services/usb/class/cdc/device/example/atxmega256a3bu_xmega_a3bu_xplained/ui.o
                0x00002770                ui_com_close
 .text.ui_com_rx_start
                0x00002772        0x2 src/ASF/common/services/usb/class/cdc/device/example/atxmega256a3bu_xmega_a3bu_xplained/ui.o
                0x00002772                ui_com_rx_start
 .text.ui_com_rx_stop
                0x00002774        0x2 src/ASF/common/services/usb/class/cdc/device/example/atxmega256a3bu_xmega_a3bu_xplained/ui.o
                0x00002774                ui_com_rx_stop
 .text.ui_com_tx_start
                0x00002776        0x2 src/ASF/common/services/usb/class/cdc/device/example/atxmega256a3bu_xmega_a3bu_xplained/ui.o
                0x00002776                ui_com_tx_start
 .text.ui_com_tx_stop
                0x00002778        0x2 src/ASF/common/services/usb/class/cdc/device/example/atxmega256a3bu_xmega_a3bu_xplained/ui.o
                0x00002778                ui_com_tx_stop
 .text.ui_com_error
                0x0000277a        0x2 src/ASF/common/services/usb/class/cdc/device/example/atxmega256a3bu_xmega_a3bu_xplained/ui.o
                0x0000277a                ui_com_error
 .text.ui_com_overflow
                0x0000277c        0x2 src/ASF/common/services/usb/class/cdc/device/example/atxmega256a3bu_xmega_a3bu_xplained/ui.o
                0x0000277c                ui_com_overflow
 .text.ui_process
                0x0000277e        0x2 src/ASF/common/services/usb/class/cdc/device/example/atxmega256a3bu_xmega_a3bu_xplained/ui.o
                0x0000277e                ui_process
 .text.udi_cdc_comm_disable
                0x00002780        0xc src/ASF/common/services/usb/class/cdc/device/udi_cdc.o
                0x00002780                udi_cdc_comm_disable
 .text.udi_cdc_data_setup
                0x0000278c        0x4 src/ASF/common/services/usb/class/cdc/device/udi_cdc.o
                0x0000278c                udi_cdc_data_setup
 .text.udi_cdc_getsetting
                0x00002790        0x4 src/ASF/common/services/usb/class/cdc/device/udi_cdc.o
                0x00002790                udi_cdc_getsetting
 .text.udi_cdc_line_coding_received
                0x00002794        0xc src/ASF/common/services/usb/class/cdc/device/udi_cdc.o
 .text.udi_cdc_comm_enable
                0x000027a0       0x82 src/ASF/common/services/usb/class/cdc/device/udi_cdc.o
                0x000027a0                udi_cdc_comm_enable
 .text.udi_cdc_tx_send
                0x00002822      0x156 src/ASF/common/services/usb/class/cdc/device/udi_cdc.o
 .text.udi_cdc_data_sent
                0x00002978       0x30 src/ASF/common/services/usb/class/cdc/device/udi_cdc.o
 .text.udi_cdc_data_sof_notify
                0x000029a8        0x6 src/ASF/common/services/usb/class/cdc/device/udi_cdc.o
                0x000029a8                udi_cdc_data_sof_notify
 .text.udi_cdc_ctrl_state_notify
                0x000029ae       0x50 src/ASF/common/services/usb/class/cdc/device/udi_cdc.o
 .text.udi_cdc_ctrl_state_change
                0x000029fe       0x40 src/ASF/common/services/usb/class/cdc/device/udi_cdc.o
 .text.udi_cdc_serial_state_msg_sent
                0x00002a3e       0x2c src/ASF/common/services/usb/class/cdc/device/udi_cdc.o
 .text.udi_cdc_data_disable
                0x00002a6a       0x18 src/ASF/common/services/usb/class/cdc/device/udi_cdc.o
                0x00002a6a                udi_cdc_data_disable
 .text.udi_cdc_comm_setup
                0x00002a82       0xb2 src/ASF/common/services/usb/class/cdc/device/udi_cdc.o
                0x00002a82                udi_cdc_comm_setup
 .text.udi_cdc_signal_framing_error
                0x00002b34        0xc src/ASF/common/services/usb/class/cdc/device/udi_cdc.o
                0x00002b34                udi_cdc_signal_framing_error
 .text.udi_cdc_signal_overrun
                0x00002b40        0xc src/ASF/common/services/usb/class/cdc/device/udi_cdc.o
                0x00002b40                udi_cdc_signal_overrun
 .text.udi_cdc_multi_get_nb_received_data
                0x00002b4c       0x26 src/ASF/common/services/usb/class/cdc/device/udi_cdc.o
                0x00002b4c                udi_cdc_multi_get_nb_received_data
 .text.udi_cdc_multi_is_rx_ready
                0x00002b72        0xe src/ASF/common/services/usb/class/cdc/device/udi_cdc.o
                0x00002b72                udi_cdc_multi_is_rx_ready
 .text.udi_cdc_rx_start
                0x00002b80       0x98 src/ASF/common/services/usb/class/cdc/device/udi_cdc.o
 .text.udi_cdc_data_enable
                0x00002c18       0x64 src/ASF/common/services/usb/class/cdc/device/udi_cdc.o
                0x00002c18                udi_cdc_data_enable
 .text.udi_cdc_data_received
                0x00002c7c       0x62 src/ASF/common/services/usb/class/cdc/device/udi_cdc.o
 .text.udi_cdc_is_rx_ready
                0x00002cde        0x6 src/ASF/common/services/usb/class/cdc/device/udi_cdc.o
                0x00002cde                udi_cdc_is_rx_ready
 .text.udi_cdc_multi_getc
                0x00002ce4       0x92 src/ASF/common/services/usb/class/cdc/device/udi_cdc.o
                0x00002ce4                udi_cdc_multi_getc
 .text.udi_cdc_getc
                0x00002d76        0x6 src/ASF/common/services/usb/class/cdc/device/udi_cdc.o
                0x00002d76                udi_cdc_getc
 .text.udi_cdc_multi_get_free_tx_buffer
                0x00002d7c       0x66 src/ASF/common/services/usb/class/cdc/device/udi_cdc.o
                0x00002d7c                udi_cdc_multi_get_free_tx_buffer
 .text.udi_cdc_multi_is_tx_ready
                0x00002de2        0xe src/ASF/common/services/usb/class/cdc/device/udi_cdc.o
                0x00002de2                udi_cdc_multi_is_tx_ready
 .text.udi_cdc_is_tx_ready
                0x00002df0        0x6 src/ASF/common/services/usb/class/cdc/device/udi_cdc.o
                0x00002df0                udi_cdc_is_tx_ready
 .text.udi_cdc_multi_putc
                0x00002df6       0x8a src/ASF/common/services/usb/class/cdc/device/udi_cdc.o
                0x00002df6                udi_cdc_multi_putc
 .text.udi_cdc_putc
                0x00002e80        0x8 src/ASF/common/services/usb/class/cdc/device/udi_cdc.o
                0x00002e80                udi_cdc_putc
 .text.udi_cdc_multi_write_buf
                0x00002e88       0xd4 src/ASF/common/services/usb/class/cdc/device/udi_cdc.o
                0x00002e88                udi_cdc_multi_write_buf
 .text.udi_cdc_write_buf
                0x00002f5c        0xa src/ASF/common/services/usb/class/cdc/device/udi_cdc.o
                0x00002f5c                udi_cdc_write_buf
 .text.udc_next_desc_in_iface
                0x00002f66       0x6a src/ASF/common/services/usb/udc/udc.o
 .text.udc_valid_address
                0x00002fd0        0xc src/ASF/common/services/usb/udc/udc.o
 .text.udc_update_iface_desc
                0x00002fdc       0x74 src/ASF/common/services/usb/udc/udc.o
 .text.udc_iface_disable
                0x00003050       0x84 src/ASF/common/services/usb/udc/udc.o
 .text.udc_iface_enable
                0x000030d4       0x66 src/ASF/common/services/usb/udc/udc.o
 .text.udc_get_interface_desc
                0x0000313a        0xa src/ASF/common/services/usb/udc/udc.o
                0x0000313a                udc_get_interface_desc
 .text.udc_start
                0x00003144        0x6 src/ASF/common/services/usb/udc/udc.o
                0x00003144                udc_start
 .text.udc_reset
                0x0000314a       0x4e src/ASF/common/services/usb/udc/udc.o
                0x0000314a                udc_reset
 .text.udc_stop
                0x00003198        0x8 src/ASF/common/services/usb/udc/udc.o
                0x00003198                udc_stop
 .text.udc_sof_notify
                0x000031a0       0x5e src/ASF/common/services/usb/udc/udc.o
                0x000031a0                udc_sof_notify
 .text.udc_process_setup
                0x000031fe      0x56c src/ASF/common/services/usb/udc/udc.o
                0x000031fe                udc_process_setup
 .text.board_init
                0x0000376a        0x2 src/ASF/xmega/boards/xmega_a3bu_xplained/init.o
                0x0000376a                board_init
 .text.ccp_write_io
                0x0000376c        0xc src/ASF/xmega/drivers/cpu/ccp.o
                0x0000376c                ccp_write_io
 .text.nvm_eeprom_read_byte
                0x00003778       0x22 src/ASF/xmega/drivers/nvm/nvm.o
                0x00003778                nvm_eeprom_read_byte
 .text.nvm_eeprom_flush_buffer
                0x0000379a       0x22 src/ASF/xmega/drivers/nvm/nvm.o
                0x0000379a                nvm_eeprom_flush_buffer
 .text.nvm_eeprom_load_byte_to_buffer
                0x000037bc       0x24 src/ASF/xmega/drivers/nvm/nvm.o
                0x000037bc                nvm_eeprom_load_byte_to_buffer
 .text.nvm_eeprom_write_byte
                0x000037e0       0x4c src/ASF/xmega/drivers/nvm/nvm.o
                0x000037e0                nvm_eeprom_write_byte
 .text.nvm_eeprom_load_page_to_buffer
                0x0000382c       0x3e src/ASF/xmega/drivers/nvm/nvm.o
                0x0000382c                nvm_eeprom_load_page_to_buffer
 .text.nvm_eeprom_atomic_write_page
                0x0000386a       0x3a src/ASF/xmega/drivers/nvm/nvm.o
                0x0000386a                nvm_eeprom_atomic_write_page
 .text.nvm_eeprom_erase_and_write_buffer
                0x000038a4       0x82 src/ASF/xmega/drivers/nvm/nvm.o
                0x000038a4                nvm_eeprom_erase_and_write_buffer
 .text.nvm_read_byte
                0x00003926       0x14 src/ASF/xmega/drivers/nvm/nvm_asm.o
                0x00003926                nvm_read_byte
 .text.spi_xmega_set_baud_div
                0x0000393a       0x90 src/ASF/xmega/drivers/spi/spi.o
                0x0000393a                spi_xmega_set_baud_div
 .text.twim_interrupt_handler
                0x000039ca      0x13a src/ASF/xmega/drivers/twi/twim.o
 .text.__vector_13
                0x00003b04       0x4e src/ASF/xmega/drivers/twi/twim.o
                0x00003b04                __vector_13
 .text.__vector_46
                0x00003b52       0x4e src/ASF/xmega/drivers/twi/twim.o
                0x00003b52                __vector_46
 .text.twi_master_init
                0x00003ba0       0x2a src/ASF/xmega/drivers/twi/twim.o
                0x00003ba0                twi_master_init
 .text.twi_master_transfer
                0x00003bca       0xb8 src/ASF/xmega/drivers/twi/twim.o
                0x00003bca                twi_master_transfer
 .text.usart_putchar
                0x00003c82       0x10 src/ASF/xmega/drivers/usart/usart.o
                0x00003c82                usart_putchar
 .text.usart_getchar
                0x00003c92        0xc src/ASF/xmega/drivers/usart/usart.o
                0x00003c92                usart_getchar
 .text.usart_set_baudrate
                0x00003c9e      0x214 src/ASF/xmega/drivers/usart/usart.o
                0x00003c9e                usart_set_baudrate
 .text.usart_init_rs232
                0x00003eb2      0x262 src/ASF/xmega/drivers/usart/usart.o
                0x00003eb2                usart_init_rs232
 .text.udd_sleep_mode
                0x00004114       0x3e src/ASF/xmega/drivers/usb/usb_device.o
 .text.udd_ctrl_init
                0x00004152       0x56 src/ASF/xmega/drivers/usb/usb_device.o
 .text.udd_ctrl_stall_data
                0x000041a8       0x1c src/ASF/xmega/drivers/usb/usb_device.o
 .text.udd_ctrl_send_zlp_in
                0x000041c4       0x1c src/ASF/xmega/drivers/usb/usb_device.o
 .text.udd_ctrl_endofrequest
                0x000041e0       0x10 src/ASF/xmega/drivers/usb/usb_device.o
 .text.udd_ctrl_in_sent
                0x000041f0       0xdc src/ASF/xmega/drivers/usb/usb_device.o
 .text.udd_ep_get_size
                0x000042cc       0x4a src/ASF/xmega/drivers/usb/usb_device.o
 .text.udd_ep_get_job
                0x00004316       0x36 src/ASF/xmega/drivers/usb/usb_device.o
 .text.udd_ctrl_interrupt_tc_setup
                0x0000434c       0xe0 src/ASF/xmega/drivers/usb/usb_device.o
 .text.udd_ep_trans_complet
                0x0000442c      0x228 src/ASF/xmega/drivers/usb/usb_device.o
 .text.udd_disable
                0x00004654       0x34 src/ASF/xmega/drivers/usb/usb_device.o
                0x00004654                udd_disable
 .text.udd_attach
                0x00004688       0x46 src/ASF/xmega/drivers/usb/usb_device.o
                0x00004688                udd_attach
 .text.udd_enable
                0x000046ce       0xec src/ASF/xmega/drivers/usb/usb_device.o
                0x000046ce                udd_enable
 .text.udd_is_high_speed
                0x000047ba        0x4 src/ASF/xmega/drivers/usb/usb_device.o
                0x000047ba                udd_is_high_speed
 .text.udd_set_address
                0x000047be        0x6 src/ASF/xmega/drivers/usb/usb_device.o
                0x000047be                udd_set_address
 .text.udd_getaddress
                0x000047c4        0x6 src/ASF/xmega/drivers/usb/usb_device.o
                0x000047c4                udd_getaddress
 .text.udd_get_frame_number
                0x000047ca        0xa src/ASF/xmega/drivers/usb/usb_device.o
                0x000047ca                udd_get_frame_number
 .text.udd_get_micro_frame_number
                0x000047d4        0x6 src/ASF/xmega/drivers/usb/usb_device.o
                0x000047d4                udd_get_micro_frame_number
 .text.udd_set_setup_payload
                0x000047da       0x12 src/ASF/xmega/drivers/usb/usb_device.o
                0x000047da                udd_set_setup_payload
 .text.udd_ep_alloc
                0x000047ec       0xc2 src/ASF/xmega/drivers/usb/usb_device.o
                0x000047ec                udd_ep_alloc
 .text.udd_ep_is_halted
                0x000048ae       0x36 src/ASF/xmega/drivers/usb/usb_device.o
                0x000048ae                udd_ep_is_halted
 .text.udd_ep_clear_halt
                0x000048e4       0x54 src/ASF/xmega/drivers/usb/usb_device.o
                0x000048e4                udd_ep_clear_halt
 .text.udd_ep_run
                0x00004938      0x110 src/ASF/xmega/drivers/usb/usb_device.o
                0x00004938                udd_ep_run
 .text.udd_ep_abort
                0x00004a48       0x72 src/ASF/xmega/drivers/usb/usb_device.o
                0x00004a48                udd_ep_abort
 .text.udd_ep_free
                0x00004aba       0x3a src/ASF/xmega/drivers/usb/usb_device.o
                0x00004aba                udd_ep_free
 .text.udd_ep_set_halt
                0x00004af4       0x42 src/ASF/xmega/drivers/usb/usb_device.o
                0x00004af4                udd_ep_set_halt
 .text.__vector_125
                0x00004b36      0x188 src/ASF/xmega/drivers/usb/usb_device.o
                0x00004b36                __vector_125
 .text.__vector_126
                0x00004cbe      0x1dc src/ASF/xmega/drivers/usb/usb_device.o
                0x00004cbe                __vector_126
 .text.PrepareForSoftwareUpgrade
                0x00004e9a       0x10 src/Boot.o
                0x00004e9a                PrepareForSoftwareUpgrade
 .text.Write    0x00004eaa       0x16 src/Console.o
                0x00004eaa                Write
 .text.WriteLn  0x00004ec0       0x28 src/Console.o
                0x00004ec0                WriteLn
 .text.dWriteLn
                0x00004ee8        0xc src/Console.o
                0x00004ee8                dWriteLn
 .text.SetDebugLevel
                0x00004ef4        0x6 src/Console.o
                0x00004ef4                SetDebugLevel
 .text.init_solomon_spi
                0x00004efa       0x66 src/DeviceDrivers/Solomon.o
                0x00004efa                init_solomon_spi
 .text.DisplayOn
                0x00004f60        0x2 src/DeviceDrivers/Solomon.o
                0x00004f60                DisplayOn
 .text.DisplayOff
                0x00004f62        0x2 src/DeviceDrivers/Solomon.o
                0x00004f62                DisplayOff
 .text.read_solomon
                0x00004f64      0x122 src/DeviceDrivers/Solomon.o
                0x00004f64                read_solomon
 .text.write_solomon
                0x00005086       0xfe src/DeviceDrivers/Solomon.o
                0x00005086                write_solomon
 .text.powercycle_display
                0x00005184       0x7c src/DeviceDrivers/Solomon.o
                0x00005184                powercycle_display
 .text.write_solomon_pair
                0x00005200      0x140 src/DeviceDrivers/Solomon.o
                0x00005200                write_solomon_pair
 .text.read_Solomon_ID
                0x00005340       0x16 src/DeviceDrivers/Solomon.o
                0x00005340                read_Solomon_ID
 .text.init_solomon_device
                0x00005356      0x17a src/DeviceDrivers/Solomon.o
                0x00005356                init_solomon_device
 .text.init_solomon
                0x000054d0       0x22 src/DeviceDrivers/Solomon.o
                0x000054d0                init_solomon
 .text.raise_sdc
                0x000054f2       0x36 src/DeviceDrivers/Solomon.o
                0x000054f2                raise_sdc
 .text.lower_sdc
                0x00005528       0x36 src/DeviceDrivers/Solomon.o
                0x00005528                lower_sdc
 .text.Solomon_Reset
                0x0000555e       0x5c src/DeviceDrivers/Solomon.o
                0x0000555e                Solomon_Reset
 .text.FPGA_reset
                0x000055ba       0x20 src/FPGA.o
                0x000055ba                FPGA_reset
 .text.FPGA_write
                0x000055da       0x26 src/FPGA.o
                0x000055da                FPGA_write
 .text.FPGA_read
                0x00005600       0x22 src/FPGA.o
                0x00005600                FPGA_read
 .text.main     0x00005622       0xd6 src/main.o
                0x00005622                main
 .text.main_suspend_action
                0x000056f8        0x6 src/main.o
                0x000056f8                main_suspend_action
 .text.main_resume_action
                0x000056fe        0x6 src/main.o
                0x000056fe                main_resume_action
 .text.main_sof_action
                0x00005704       0x10 src/main.o
                0x00005704                main_sof_action
 .text.main_cdc_enable
                0x00005714        0xe src/main.o
                0x00005714                main_cdc_enable
 .text.main_cdc_disable
                0x00005722        0xa src/main.o
                0x00005722                main_cdc_disable
 .text.main_cdc_set_dtr
                0x0000572c       0x10 src/main.o
                0x0000572c                main_cdc_set_dtr
 .text.set_pwm_values
                0x0000573c        0x2 src/my_hardware.o
                0x0000573c                set_pwm_values
 .text.custom_board_init
                0x0000573e       0xf8 src/my_hardware.o
                0x0000573e                custom_board_init
 .text.WriteLn_progmem
                0x00005836       0x3c src/NXP/AVRHDMI.o
                0x00005836                WriteLn_progmem
 .text.digitalActivityCallback0
                0x00005872       0x7e src/NXP/AVRHDMI.o
 .text.PRINTIF  0x000058f0       0xbe src/NXP/AVRHDMI.o
                0x000058f0                PRINTIF
 .text.tmdlHdmiRxExampleAppliInit
                0x000059ae      0x468 src/NXP/AVRHDMI.o
                0x000059ae                tmdlHdmiRxExampleAppliInit
 .text.tmExAppliConfigureConversion0
                0x00005e16      0x13c src/NXP/AVRHDMI.o
 .text.eventCallback0
                0x00005f52      0x2fc src/NXP/AVRHDMI.o
 .text.infoFrameCallback0
                0x0000624e      0x13e src/NXP/AVRHDMI.o
 .text.Init_HDMI
                0x0000638c       0x14 src/NXP/AVRHDMI.o
                0x0000638c                Init_HDMI
 .text.HDMITask
                0x000063a0        0x2 src/NXP/AVRHDMI.o
                0x000063a0                HDMITask
 .text.Report_HDMI_status
                0x000063a2       0xd2 src/NXP/AVRHDMI.o
                0x000063a2                Report_HDMI_status
 .text.NXPSuspend
                0x00006474       0x28 src/NXP/AVRHDMI.o
                0x00006474                NXPSuspend
 .text.NXPResume
                0x0000649c       0x28 src/NXP/AVRHDMI.o
                0x0000649c                NXPResume
 .text.HDMI_Reset
                0x000064c4       0x36 src/NXP/AVRHDMI.o
                0x000064c4                HDMI_Reset
 .text.ProgramMTP0
                0x000064fa      0x1f4 src/NXP/AVRHDMI.o
                0x000064fa                ProgramMTP0
 .text.ProgramMTP1
                0x000066ee      0x1f4 src/NXP/AVRHDMI.o
                0x000066ee                ProgramMTP1
 .text.i2cWriteRegister
                0x000068e2       0xaa src/NXP/i2c.o
                0x000068e2                i2cWriteRegister
 .text.NXPReadRegister
                0x0000698c       0x90 src/NXP/i2c.o
                0x0000698c                NXPReadRegister
 .text.NXPReadMulti
                0x00006a1c       0x66 src/NXP/i2c.o
                0x00006a1c                NXPReadMulti
 .text.Init_i2c
                0x00006a82       0x64 src/NXP/i2c.o
                0x00006a82                Init_i2c
 .text.i2cWrite
                0x00006ae6       0x54 src/NXP/i2c.o
                0x00006ae6                i2cWrite
 .text.i2cRead  0x00006b3a       0x32 src/NXP/i2c.o
                0x00006b3a                i2cRead
 .text.I2CReadRegister
                0x00006b6c       0x56 src/NXP/i2c.o
                0x00006b6c                I2CReadRegister
 .text.bslTDA1997XWriteI2C
                0x00006bc2      0x476 src/NXP/tmbslTDA1997X_functions.o
                0x00006bc2                bslTDA1997XWriteI2C
 .text.tmbslTDA1997XWriteI2C
                0x00007038      0x4de src/NXP/tmbslTDA1997X_functions.o
                0x00007038                tmbslTDA1997XWriteI2C
 .text.tmbslTDA1997XReadI2C
                0x00007516      0x2e6 src/NXP/tmbslTDA1997X_functions.o
                0x00007516                tmbslTDA1997XReadI2C
 .text.bslTDA1997XReadInterruptStatusRegisters
                0x000077fc      0x140 src/NXP/tmbslTDA1997X_functions.o
 .text.bslTDA1997XActivityDetectionInterrupts
                0x0000793c      0x53a src/NXP/tmbslTDA1997X_functions.o
 .text.tmbslTDA1997XInit
                0x00007e76      0xd7a src/NXP/tmbslTDA1997X_functions.o
                0x00007e76                tmbslTDA1997XInit
 .text.tmbslTDA1997XDeInit
                0x00008bf0       0x74 src/NXP/tmbslTDA1997X_functions.o
                0x00008bf0                tmbslTDA1997XDeInit
 .text.tmbslTDA1997XGetChipInfo
                0x00008c64       0x56 src/NXP/tmbslTDA1997X_functions.o
                0x00008c64                tmbslTDA1997XGetChipInfo
 .text.tmbslTDA1997XHandleInterrupt
                0x00008cba      0x8b6 src/NXP/tmbslTDA1997X_functions.o
                0x00008cba                tmbslTDA1997XHandleInterrupt
 .text.tmbslTDA1997XGetInterruptStatus
                0x00009570      0x14c src/NXP/tmbslTDA1997X_functions.o
                0x00009570                tmbslTDA1997XGetInterruptStatus
 .text.tmbslTDA1997XHeartBeat
                0x000096bc      0x3aa src/NXP/tmbslTDA1997X_functions.o
                0x000096bc                tmbslTDA1997XHeartBeat
 .text.tmbslTDA1997XSetInterruptMask
                0x00009a66      0x136 src/NXP/tmbslTDA1997X_functions.o
                0x00009a66                tmbslTDA1997XSetInterruptMask
 .text.tmbslTDA1997XConfigureInput
                0x00009b9c      0x150 src/NXP/tmbslTDA1997X_functions.o
                0x00009b9c                tmbslTDA1997XConfigureInput
 .text.tmbslTDA1997XSetClockPulseDelay
                0x00009cec      0x104 src/NXP/tmbslTDA1997X_functions.o
                0x00009cec                tmbslTDA1997XSetClockPulseDelay
 .text.tmbslTDA1997XConfigurePixelClockGenerator
                0x00009df0      0x134 src/NXP/tmbslTDA1997X_functions.o
                0x00009df0                tmbslTDA1997XConfigurePixelClockGenerator
 .text.tmbslTDA1997XGetSyncTimings
                0x00009f24      0x238 src/NXP/tmbslTDA1997X_functions.o
                0x00009f24                tmbslTDA1997XGetSyncTimings
 .text.tmbslTDA1997XConfigureColorSpaceConversion
                0x0000a15c      0x250 src/NXP/tmbslTDA1997X_functions.o
                0x0000a15c                tmbslTDA1997XConfigureColorSpaceConversion
 .text.tmbslTDA1997XConfigureVHRef
                0x0000a3ac       0xca src/NXP/tmbslTDA1997X_functions.o
                0x0000a3ac                tmbslTDA1997XConfigureVHRef
 .text.tmbslTDA1997XConfigureFrameDetectionWindow
                0x0000a476       0xac src/NXP/tmbslTDA1997X_functions.o
                0x0000a476                tmbslTDA1997XConfigureFrameDetectionWindow
 .text.tmbslTDA1997XGetFrameMeasurements
                0x0000a522      0x164 src/NXP/tmbslTDA1997X_functions.o
                0x0000a522                tmbslTDA1997XGetFrameMeasurements
 .text.tmbslTDA1997XSetVHSyncDelay
                0x0000a686      0x1d2 src/NXP/tmbslTDA1997X_functions.o
                0x0000a686                tmbslTDA1997XSetVHSyncDelay
 .text.tmbslTDA1997XSetBlankingCodes
                0x0000a858       0xce src/NXP/tmbslTDA1997X_functions.o
                0x0000a858                tmbslTDA1997XSetBlankingCodes
 .text.tmbslTDA1997XConfigurePreFilter
                0x0000a926      0x160 src/NXP/tmbslTDA1997X_functions.o
                0x0000a926                tmbslTDA1997XConfigurePreFilter
 .text.tmbslTDA1997XConfigureRangeControl
                0x0000aa86       0xca src/NXP/tmbslTDA1997X_functions.o
                0x0000aa86                tmbslTDA1997XConfigureRangeControl
 .text.tmbslTDA1997XConfigureVideoOutput
                0x0000ab50      0x168 src/NXP/tmbslTDA1997X_functions.o
                0x0000ab50                tmbslTDA1997XConfigureVideoOutput
 .text.tmbslTDA1997XConfigureUpDownSampler
                0x0000acb8       0xb2 src/NXP/tmbslTDA1997X_functions.o
                0x0000acb8                tmbslTDA1997XConfigureUpDownSampler
 .text.tmbslTDA1997XConfigureInternalVHSync
                0x0000ad6a       0xc8 src/NXP/tmbslTDA1997X_functions.o
                0x0000ad6a                tmbslTDA1997XConfigureInternalVHSync
 .text.tmbslTDA1997XConfigureSyncOutput
                0x0000ae32      0x172 src/NXP/tmbslTDA1997X_functions.o
                0x0000ae32                tmbslTDA1997XConfigureSyncOutput
 .text.tmbslTDA1997XConfigureOutputPolarity
                0x0000afa4      0x1ae src/NXP/tmbslTDA1997X_functions.o
                0x0000afa4                tmbslTDA1997XConfigureOutputPolarity
 .text.tmbslTDA1997XConfigureVideoPort
                0x0000b152      0x2a6 src/NXP/tmbslTDA1997X_functions.o
                0x0000b152                tmbslTDA1997XConfigureVideoPort
 .text.tmbslTDA1997XDefineVideoPort
                0x0000b3f8      0x11a src/NXP/tmbslTDA1997X_functions.o
                0x0000b3f8                tmbslTDA1997XDefineVideoPort
 .text.tmbslTDA1997XConfigureDataEnable
                0x0000b512      0x166 src/NXP/tmbslTDA1997X_functions.o
                0x0000b512                tmbslTDA1997XConfigureDataEnable
 .text.tmbslTDA1997XConfigureHDMI
                0x0000b678       0x6a src/NXP/tmbslTDA1997X_functions.o
                0x0000b678                tmbslTDA1997XConfigureHDMI
 .text.tmbslTDA1997XConfigureHDMIClock
                0x0000b6e2        0x8 src/NXP/tmbslTDA1997X_functions.o
                0x0000b6e2                tmbslTDA1997XConfigureHDMIClock
 .text.tmbslTDA1997XConfigureAudioFormatter
                0x0000b6ea      0x2ea src/NXP/tmbslTDA1997X_functions.o
                0x0000b6ea                tmbslTDA1997XConfigureAudioFormatter
 .text.tmbslTDA1997XConfigurePixelRepeater
                0x0000b9d4       0xc8 src/NXP/tmbslTDA1997X_functions.o
                0x0000b9d4                tmbslTDA1997XConfigurePixelRepeater
 .text.tmbslTDA1997XConfigureAudioSelection
                0x0000ba9c       0xca src/NXP/tmbslTDA1997X_functions.o
                0x0000ba9c                tmbslTDA1997XConfigureAudioSelection
 .text.tmbslTDA1997XConfigurePacketTypeScan
                0x0000bb66       0x64 src/NXP/tmbslTDA1997X_functions.o
                0x0000bb66                tmbslTDA1997XConfigurePacketTypeScan
 .text.tmbslTDA1997XAudioAutoMute
                0x0000bbca       0xb0 src/NXP/tmbslTDA1997X_functions.o
                0x0000bbca                tmbslTDA1997XAudioAutoMute
 .text.tmbslTDA1997XGetHDMIStatus
                0x0000bc7a       0xa2 src/NXP/tmbslTDA1997X_functions.o
                0x0000bc7a                tmbslTDA1997XGetHDMIStatus
 .text.tmbslTDA1997XGetAudioStatus
                0x0000bd1c       0xa2 src/NXP/tmbslTDA1997X_functions.o
                0x0000bd1c                tmbslTDA1997XGetAudioStatus
 .text.tmbslTDA1997XGetAudioClockRegPacket
                0x0000bdbe       0xf8 src/NXP/tmbslTDA1997X_functions.o
                0x0000bdbe                tmbslTDA1997XGetAudioClockRegPacket
 .text.tmbslTDA1997XGetDataIslandErrorCorrection
                0x0000beb6       0xd8 src/NXP/tmbslTDA1997X_functions.o
                0x0000beb6                tmbslTDA1997XGetDataIslandErrorCorrection
 .text.tmbslTDA1997XGetAudioReadWriteDelta
                0x0000bf8e       0x6a src/NXP/tmbslTDA1997X_functions.o
                0x0000bf8e                tmbslTDA1997XGetAudioReadWriteDelta
 .text.tmbslTDA1997XGetAudioContentProtectionUpdate
                0x0000bff8       0x6a src/NXP/tmbslTDA1997X_functions.o
                0x0000bff8                tmbslTDA1997XGetAudioContentProtectionUpdate
 .text.tmbslTDA1997XConfigureOTP
                0x0000c062      0x3d8 src/NXP/tmbslTDA1997X_functions.o
                0x0000c062                tmbslTDA1997XConfigureOTP
 .text.tmbslTDA1997XSetOTPAddress
                0x0000c43a        0xc src/NXP/tmbslTDA1997X_functions.o
                0x0000c43a                tmbslTDA1997XSetOTPAddress
 .text.tmbslTDA1997XReadOTP
                0x0000c446       0x56 src/NXP/tmbslTDA1997X_functions.o
                0x0000c446                tmbslTDA1997XReadOTP
 .text.tmbslTDA1997XConfigureHDCP
                0x0000c49c      0x394 src/NXP/tmbslTDA1997X_functions.o
                0x0000c49c                tmbslTDA1997XConfigureHDCP
 .text.tmbslTDA1997XConfigureReceiverCaps
                0x0000c830       0x70 src/NXP/tmbslTDA1997X_functions.o
                0x0000c830                tmbslTDA1997XConfigureReceiverCaps
 .text.tmbslTDA1997XSetHDCPRepeaterStatus
                0x0000c8a0       0x7e src/NXP/tmbslTDA1997X_functions.o
                0x0000c8a0                tmbslTDA1997XSetHDCPRepeaterStatus
 .text.tmbslTDA1997XSetHDCPRepeaterControl
                0x0000c91e       0xbc src/NXP/tmbslTDA1997X_functions.o
                0x0000c91e                tmbslTDA1997XSetHDCPRepeaterControl
 .text.tmbslTDA1997XSetKeySelectionVector
                0x0000c9da       0x6a src/NXP/tmbslTDA1997X_functions.o
                0x0000c9da                tmbslTDA1997XSetKeySelectionVector
 .text.tmbslTDA1997XSetPrivateKeyIndex
                0x0000ca44       0x64 src/NXP/tmbslTDA1997X_functions.o
                0x0000ca44                tmbslTDA1997XSetPrivateKeyIndex
 .text.tmbslTDA1997XSetPrivateKey
                0x0000caa8       0x6a src/NXP/tmbslTDA1997X_functions.o
                0x0000caa8                tmbslTDA1997XSetPrivateKey
 .text.tmbslTDA1997XSetKSVIndex
                0x0000cb12       0x64 src/NXP/tmbslTDA1997X_functions.o
                0x0000cb12                tmbslTDA1997XSetKSVIndex
 .text.tmbslTDA1997XSetKSVValue
                0x0000cb76       0x6a src/NXP/tmbslTDA1997X_functions.o
                0x0000cb76                tmbslTDA1997XSetKSVValue
 .text.tmbslTDA1997XConfigureHDCPErrorProtection
                0x0000cbe0       0xee src/NXP/tmbslTDA1997X_functions.o
                0x0000cbe0                tmbslTDA1997XConfigureHDCPErrorProtection
 .text.tmbslTDA1997XGetDisplayData
                0x0000ccce      0x1aa src/NXP/tmbslTDA1997X_functions.o
                0x0000ccce                tmbslTDA1997XGetDisplayData
 .text.tmbslTDA1997XGetInfoframe
                0x0000ce78      0x372 src/NXP/tmbslTDA1997X_functions.o
                0x0000ce78                tmbslTDA1997XGetInfoframe
 .text.tmbslTDA1997XGetACPPacket
                0x0000d1ea      0x108 src/NXP/tmbslTDA1997X_functions.o
                0x0000d1ea                tmbslTDA1997XGetACPPacket
 .text.tmbslTDA1997XReadISRC1Packet
                0x0000d2f2       0xfc src/NXP/tmbslTDA1997X_functions.o
                0x0000d2f2                tmbslTDA1997XReadISRC1Packet
 .text.tmbslTDA1997XReadISRC2Packet
                0x0000d3ee       0xd0 src/NXP/tmbslTDA1997X_functions.o
                0x0000d3ee                tmbslTDA1997XReadISRC2Packet
 .text.tmbslTDA1997XReadGBDPacket
                0x0000d4be      0x100 src/NXP/tmbslTDA1997X_functions.o
                0x0000d4be                tmbslTDA1997XReadGBDPacket
 .text.tmbslTDA1997XHDMISoftReset
                0x0000d5be      0x118 src/NXP/tmbslTDA1997X_functions.o
                0x0000d5be                tmbslTDA1997XHDMISoftReset
 .text.tmbslTDA1997XGetCapabilities
                0x0000d6d6       0xa6 src/NXP/tmbslTDA1997X_functions.o
                0x0000d6d6                tmbslTDA1997XGetCapabilities
 .text.tmbslTDA1997XConfigureAudioClkMode
                0x0000d77c       0x82 src/NXP/tmbslTDA1997X_functions.o
                0x0000d77c                tmbslTDA1997XConfigureAudioClkMode
 .text.tmbslTDA1997XReadGCP
                0x0000d7fe      0x100 src/NXP/tmbslTDA1997X_functions.o
                0x0000d7fe                tmbslTDA1997XReadGCP
 .text.tmbslTDA1997XGetTMDSFrequency
                0x0000d8fe       0xb6 src/NXP/tmbslTDA1997X_functions.o
                0x0000d8fe                tmbslTDA1997XGetTMDSFrequency
 .text.tmbslTDA1997XGetAudioFrequency
                0x0000d9b4       0xbe src/NXP/tmbslTDA1997X_functions.o
                0x0000d9b4                tmbslTDA1997XGetAudioFrequency
 .text.tmbslTDA1997XGetDeepColorMode
                0x0000da72       0xbe src/NXP/tmbslTDA1997X_functions.o
                0x0000da72                tmbslTDA1997XGetDeepColorMode
 .text.tmbslTDA1997XSetPowerState
                0x0000db30        0x8 src/NXP/tmbslTDA1997X_functions.o
                0x0000db30                tmbslTDA1997XSetPowerState
 .text.tmbslTDA1997XGetChannelStatus
                0x0000db38      0x126 src/NXP/tmbslTDA1997X_functions.o
                0x0000db38                tmbslTDA1997XGetChannelStatus
 .text.tmbslTDA1997XConfigureEDID
                0x0000dc5e       0xc0 src/NXP/tmbslTDA1997X_functions.o
                0x0000dc5e                tmbslTDA1997XConfigureEDID
 .text.tmbslTDA1997XLoadEDIDData
                0x0000dd1e      0x1fe src/NXP/tmbslTDA1997X_functions.o
                0x0000dd1e                tmbslTDA1997XLoadEDIDData
 .text.tmbslTDA1997XLoadConfigData
                0x0000df1c       0x96 src/NXP/tmbslTDA1997X_functions.o
                0x0000df1c                tmbslTDA1997XLoadConfigData
 .text.tmbslTDA1997XManualHPD
                0x0000dfb2      0x1a0 src/NXP/tmbslTDA1997X_functions.o
                0x0000dfb2                tmbslTDA1997XManualHPD
 .text.bslTDA1997XSetPixelAndLineCounters
                0x0000e152      0x110 src/NXP/tmbslTDA1997X_functions.o
                0x0000e152                bslTDA1997XSetPixelAndLineCounters
 .text.tmbslTDA1997XSetPixelAndLineCounters
                0x0000e262       0x28 src/NXP/tmbslTDA1997X_functions.o
                0x0000e262                tmbslTDA1997XSetPixelAndLineCounters
 .text.bslTDA1997XSetVHRefValues
                0x0000e28a      0x1f4 src/NXP/tmbslTDA1997X_functions.o
                0x0000e28a                bslTDA1997XSetVHRefValues
 .text.tmbslTDA1997XSetVHRefValues
                0x0000e47e       0x3c src/NXP/tmbslTDA1997X_functions.o
                0x0000e47e                tmbslTDA1997XSetVHRefValues
 .text.bslTDA1997XSetVHSyncValues
                0x0000e4ba      0x204 src/NXP/tmbslTDA1997X_functions.o
                0x0000e4ba                bslTDA1997XSetVHSyncValues
 .text.tmbslTDA1997XSetVHSyncValues
                0x0000e6be       0x3c src/NXP/tmbslTDA1997X_functions.o
                0x0000e6be                tmbslTDA1997XSetVHSyncValues
 .text.tmbslTDA1997XActivateTestPattern
                0x0000e6fa      0x3b6 src/NXP/tmbslTDA1997X_functions.o
                0x0000e6fa                tmbslTDA1997XActivateTestPattern
 .text.dlHdmiRxGetInterruptStatus
                0x0000eab0      0x72c src/NXP/tmdlHdmiRx.o
 .text.dlHdmiRxCheckResolutionSyncTimings
                0x0000f1dc      0x246 src/NXP/tmdlHdmiRx.o
 .text.dlHdmiRxManageCallbackInstance
                0x0000f422     0x22a4 src/NXP/tmdlHdmiRx.o
 .text.dlHdmiRxManageCallback0
                0x000116c6        0xc src/NXP/tmdlHdmiRx.o
 .text.tmdlHdmiRxOpenM
                0x000116d2      0x564 src/NXP/tmdlHdmiRx.o
                0x000116d2                tmdlHdmiRxOpenM
 .text.tmdlHdmiRxInstanceSetup
                0x00011c36      0x5a4 src/NXP/tmdlHdmiRx.o
                0x00011c36                tmdlHdmiRxInstanceSetup
 .text.tmdlHdmiRxRegisterCallbacks
                0x000121da       0xcc src/NXP/tmdlHdmiRx.o
                0x000121da                tmdlHdmiRxRegisterCallbacks
 .text.tmdlHdmiRxEnableEvent
                0x000122a6      0x466 src/NXP/tmdlHdmiRx.o
                0x000122a6                tmdlHdmiRxEnableEvent
 .text.tmdlHdmiRxSelectInput
                0x0001270c      0x622 src/NXP/tmdlHdmiRx.o
                0x0001270c                tmdlHdmiRxSelectInput
 .text.tmdlHdmiRxDetectResolution
                0x00012d2e       0xdc src/NXP/tmdlHdmiRx.o
                0x00012d2e                tmdlHdmiRxDetectResolution
 .text.tmdlHdmiRxConfigureInput
                0x00012e0a      0x2c6 src/NXP/tmdlHdmiRx.o
                0x00012e0a                tmdlHdmiRxConfigureInput
 .text.tmdlHdmiRxSetColorConversionMatrix
                0x000130d0      0x426 src/NXP/tmdlHdmiRx.o
                0x000130d0                tmdlHdmiRxSetColorConversionMatrix
 .text.tmdlHdmiRxSetVideoOutputFormat
                0x000134f6      0x44a src/NXP/tmdlHdmiRx.o
                0x000134f6                tmdlHdmiRxSetVideoOutputFormat
 .text.tmdlHdmiRxSetAudioOutputFormat
                0x00013940      0x2ce src/NXP/tmdlHdmiRx.o
                0x00013940                tmdlHdmiRxSetAudioOutputFormat
 .text.tmdlHdmiRxGetAudioFrequency
                0x00013c0e       0xf0 src/NXP/tmdlHdmiRx.o
                0x00013c0e                tmdlHdmiRxGetAudioFrequency
 .text.tmdlHdmiRxLoadEdidData
                0x00013cfe      0x134 src/NXP/tmdlHdmiRx.o
                0x00013cfe                tmdlHdmiRxLoadEdidData
 .text.tmdlHdmiRxLoadConfigData
                0x00013e32       0x80 src/NXP/tmdlHdmiRx.o
                0x00013e32                tmdlHdmiRxLoadConfigData
 .text.dl2bslVP
                0x00013eb2       0x76 src/NXP/tmdlHdmiRx.o
                0x00013eb2                dl2bslVP
 .text.dl2bslColQ
                0x00013f28       0x62 src/NXP/tmdlHdmiRx.o
                0x00013f28                dl2bslColQ
 .text.dlHdmiRxConfigVideoPort
                0x00013f8a       0xc2 src/NXP/tmdlHdmiRx.o
 .text.tmdlHdmiRxConfigureOutputVideoPort
                0x0001404c       0xb8 src/NXP/tmdlHdmiRx.o
                0x0001404c                tmdlHdmiRxConfigureOutputVideoPort
 .text.tmdlHdmiRxManualHPD
                0x00014104       0x6a src/NXP/tmdlHdmiRx.o
                0x00014104                tmdlHdmiRxManualHPD
 .text.RtxRxI2cReadFunction
                0x0001416e        0xa src/NXP/tmdlHdmiRx_cfg.o
                0x0001416e                RtxRxI2cReadFunction
 .text.RtxRxI2cWriteFunction
                0x00014178        0xa src/NXP/tmdlHdmiRx_cfg.o
                0x00014178                RtxRxI2cWriteFunction
 .text.tmdlHdmiRxCfgGetConfig
                0x00014182       0x7a src/NXP/tmdlHdmiRx_cfg.o
                0x00014182                tmdlHdmiRxCfgGetConfig
 .text.tmdlHdmiRxIWWait
                0x000141fc       0x34 src/NXP/tmdlHdmiRx_IW_RTX.o
                0x000141fc                tmdlHdmiRxIWWait
 .text.tmdlHdmiRxIWSemaphoreCreate
                0x00014230        0x8 src/NXP/tmdlHdmiRx_IW_RTX.o
                0x00014230                tmdlHdmiRxIWSemaphoreCreate
 .text.tmdlHdmiRxIWSemaphoreP
                0x00014238        0x8 src/NXP/tmdlHdmiRx_IW_RTX.o
                0x00014238                tmdlHdmiRxIWSemaphoreP
 .text.tmdlHdmiRxIWSemaphoreV
                0x00014240        0x8 src/NXP/tmdlHdmiRx_IW_RTX.o
                0x00014240                tmdlHdmiRxIWSemaphoreV
 .text.tmdlHdmiRxIWEnableInterrupts
                0x00014248        0x2 src/NXP/tmdlHdmiRx_IW_RTX.o
                0x00014248                tmdlHdmiRxIWEnableInterrupts
 .text.InitSerialState
                0x0001424a        0xc src/SerialStateMachine.o
                0x0001424a                InitSerialState
 .text.ProcessIncomingChar
                0x00014256       0xc8 src/SerialStateMachine.o
                0x00014256                ProcessIncomingChar
 .text.HexDigitToDecimal
                0x0001431e       0x5e src/SerialStateMachine.o
                0x0001431e                HexDigitToDecimal
 .text.HexPairToDecimal
                0x0001437c       0x1e src/SerialStateMachine.o
                0x0001437c                HexPairToDecimal
 .text.Display_software_version
                0x0001439a       0x64 src/SerialStateMachine.o
                0x0001439a                Display_software_version
 .text.ProcessInfoCommands
                0x000143fe       0x60 src/SerialStateMachine.o
                0x000143fe                ProcessInfoCommands
 .text.ProcessSPICommand
                0x0001445e      0x194 src/SerialStateMachine.o
                0x0001445e                ProcessSPICommand
 .text.ProcessI2CCommand
                0x000145f2      0x38e src/SerialStateMachine.o
                0x000145f2                ProcessI2CCommand
 .text.ProcessFPGACommand
                0x00014980       0xd8 src/SerialStateMachine.o
                0x00014980                ProcessFPGACommand
 .text.ProcessHDMICommand
                0x00014a58      0x118 src/SerialStateMachine.o
                0x00014a58                ProcessHDMICommand
 .text.ProcessCommand
                0x00014b70      0x248 src/SerialStateMachine.o
                0x00014b70                ProcessCommand
 .text.uart_config
                0x00014db8       0xd6 src/uart_xmega.o
                0x00014db8                uart_config
 .text.uart_open
                0x00014e8e       0x16 src/uart_xmega.o
                0x00014e8e                uart_open
 .text.uart_close
                0x00014ea4       0x12 src/uart_xmega.o
                0x00014ea4                uart_close
 .text.uart_rx_notify
                0x00014eb6       0x10 src/uart_xmega.o
                0x00014eb6                uart_rx_notify
 .text.__vector_119
                0x00014ec6       0x88 src/uart_xmega.o
                0x00014ec6                __vector_119
 .text.__vector_120
                0x00014f4e       0x7e src/uart_xmega.o
                0x00014f4e                __vector_120
 .text.libgcc.div
                0x00014fcc       0x28 c:/program files (x86)/atmel/atmel toolchain/avr8 gcc/native/3.4.1061/avr8-gnu-toolchain/bin/../lib/gcc/avr/4.8.1/avrxmega6\libgcc.a(_udivmodhi4.o)
                0x00014fcc                __udivmodhi4
 .text.libgcc.div
                0x00014ff4       0x44 c:/program files (x86)/atmel/atmel toolchain/avr8 gcc/native/3.4.1061/avr8-gnu-toolchain/bin/../lib/gcc/avr/4.8.1/avrxmega6\libgcc.a(_udivmodsi4.o)
                0x00014ff4                __udivmodsi4
 .text.libgcc   0x00015038        0xc c:/program files (x86)/atmel/atmel toolchain/avr8 gcc/native/3.4.1061/avr8-gnu-toolchain/bin/../lib/gcc/avr/4.8.1/avrxmega6\libgcc.a(_tablejump.o)
                0x00015038                __tablejump2__
                0x0001503c                __tablejump__
 .text.avr-libc
                0x00015044       0x1a c:/program files (x86)/atmel/atmel toolchain/avr8 gcc/native/3.4.1061/avr8-gnu-toolchain/bin/../lib/gcc/avr/4.8.1/../../../../avr/lib/avrxmega6\libc.a(memcmp.o)
                0x00015044                memcmp
 .text.avr-libc
                0x0001505e       0x12 c:/program files (x86)/atmel/atmel toolchain/avr8 gcc/native/3.4.1061/avr8-gnu-toolchain/bin/../lib/gcc/avr/4.8.1/../../../../avr/lib/avrxmega6\libc.a(memcpy.o)
                0x0001505e                memcpy
 .text.avr-libc
                0x00015070       0x12 c:/program files (x86)/atmel/atmel toolchain/avr8 gcc/native/3.4.1061/avr8-gnu-toolchain/bin/../lib/gcc/avr/4.8.1/../../../../avr/lib/avrxmega6\libc.a(strcmp.o)
                0x00015070                strcmp
 .text.avr-libc
                0x00015082       0x5a c:/program files (x86)/atmel/atmel toolchain/avr8 gcc/native/3.4.1061/avr8-gnu-toolchain/bin/../lib/gcc/avr/4.8.1/../../../../avr/lib/avrxmega6\libc.a(puts.o)
                0x00015082                puts
 .text.avr-libc
                0x000150dc       0x50 c:/program files (x86)/atmel/atmel toolchain/avr8 gcc/native/3.4.1061/avr8-gnu-toolchain/bin/../lib/gcc/avr/4.8.1/../../../../avr/lib/avrxmega6\libc.a(sprintf.o)
                0x000150dc                sprintf
 .text.avr-libc
                0x0001512c      0x3d0 c:/program files (x86)/atmel/atmel toolchain/avr8 gcc/native/3.4.1061/avr8-gnu-toolchain/bin/../lib/gcc/avr/4.8.1/../../../../avr/lib/avrxmega6\libc.a(vfprintf_std.o)
                0x0001512c                vfprintf
 .text.avr-libc
                0x000154fc       0x16 c:/program files (x86)/atmel/atmel toolchain/avr8 gcc/native/3.4.1061/avr8-gnu-toolchain/bin/../lib/gcc/avr/4.8.1/../../../../avr/lib/avrxmega6\libc.a(strnlen_P.o)
                0x000154fc                strnlen_P
 .text.avr-libc
                0x00015512       0x16 c:/program files (x86)/atmel/atmel toolchain/avr8 gcc/native/3.4.1061/avr8-gnu-toolchain/bin/../lib/gcc/avr/4.8.1/../../../../avr/lib/avrxmega6\libc.a(strnlen.o)
                0x00015512                strnlen
 .text.avr-libc
                0x00015528       0x64 c:/program files (x86)/atmel/atmel toolchain/avr8 gcc/native/3.4.1061/avr8-gnu-toolchain/bin/../lib/gcc/avr/4.8.1/../../../../avr/lib/avrxmega6\libc.a(fputc.o)
                0x00015528                fputc
 .text.avr-libc
                0x0001558c       0xbc c:/program files (x86)/atmel/atmel toolchain/avr8 gcc/native/3.4.1061/avr8-gnu-toolchain/bin/../lib/gcc/avr/4.8.1/../../../../avr/lib/avrxmega6\libc.a(ultoa_invert.o)
                0x0001558c                __ultoa_invert
                0x00015648                . = ALIGN (0x2)
 *(.fini9)
 .fini9         0x00015648        0x0 c:/program files (x86)/atmel/atmel toolchain/avr8 gcc/native/3.4.1061/avr8-gnu-toolchain/bin/../lib/gcc/avr/4.8.1/avrxmega6\libgcc.a(_exit.o)
                0x00015648                _exit
                0x00015648                exit
 *(.fini9)
 *(.fini8)
 *(.fini8)
 *(.fini7)
 *(.fini7)
 *(.fini6)
 *(.fini6)
 *(.fini5)
 *(.fini5)
 *(.fini4)
 *(.fini4)
 *(.fini3)
 *(.fini3)
 *(.fini2)
 *(.fini2)
 *(.fini1)
 *(.fini1)
 *(.fini0)
 .fini0         0x00015648        0x4 c:/program files (x86)/atmel/atmel toolchain/avr8 gcc/native/3.4.1061/avr8-gnu-toolchain/bin/../lib/gcc/avr/4.8.1/avrxmega6\libgcc.a(_exit.o)
 *(.fini0)
                0x0001564c                _etext = .

.data           0x00802000      0xe76 load address 0x0001564c
                0x00802000                PROVIDE (__data_start, .)
 *(.data)
 *(.data*)
 .data.udc_config
                0x00802000        0x4 src/ASF/common/services/usb/class/composite/device/udi_composite_desc.o
                0x00802000                udc_config
 .data.udc_config_lsfs
                0x00802004        0x4 src/ASF/common/services/usb/class/composite/device/udi_composite_desc.o
                0x00802004                udc_config_lsfs
 .data.udi_apis
                0x00802008        0x6 src/ASF/common/services/usb/class/composite/device/udi_composite_desc.o
                0x00802008                udi_apis
 .data.udc_desc_fs
                0x0080200e       0x6c src/ASF/common/services/usb/class/composite/device/udi_composite_desc.o
                0x0080200e                udc_desc_fs
 .data.udc_device_desc
                0x0080207a       0x12 src/ASF/common/services/usb/class/composite/device/udi_composite_desc.o
                0x0080207a                udc_device_desc
 .data.udi_hid_generic_report_desc
                0x0080208c       0x35 src/ASF/common/services/usb/class/hid/device/generic/udi_hid_generic.o
                0x0080208c                udi_hid_generic_report_desc
 .data.udi_api_hid_generic
                0x008020c1        0xa src/ASF/common/services/usb/class/hid/device/generic/udi_hid_generic.o
                0x008020c1                udi_api_hid_generic
 .data.packet_received
                0x008020cb        0xb src/DeviceDrivers/BNO070.o
                0x008020cb                packet_received
 .data.udi_api_cdc_data
                0x008020d6        0xa src/ASF/common/services/usb/class/cdc/device/udi_cdc.o
                0x008020d6                udi_api_cdc_data
 .data.udi_api_cdc_comm
                0x008020e0        0xa src/ASF/common/services/usb/class/cdc/device/udi_cdc.o
                0x008020e0                udi_api_cdc_comm
 .data.udc_string_desc
                0x008020ea       0x10 src/ASF/common/services/usb/udc/udc.o
 .data.udc_string_product_name
                0x008020fa        0x5 src/ASF/common/services/usb/udc/udc.o
 .data.udc_string_manufacturer_name
                0x008020ff        0x8 src/ASF/common/services/usb/udc/udc.o
 *fill*         0x00802107        0x1 
 .data.udc_string_desc_languageid
                0x00802108        0x4 src/ASF/common/services/usb/udc/udc.o
 .data.DebugLevel
                0x0080210c        0x1 src/Console.o
                0x0080210c                DebugLevel
 .data.usart_options.6202
                0x0080210d        0x7 src/my_hardware.o
 .data.actualCEC_1_ADDR
                0x00802114        0x1 src/my_hardware.o
                0x00802114                actualCEC_1_ADDR
 .data.actualNXP_1_ADDR
                0x00802115        0x1 src/my_hardware.o
                0x00802115                actualNXP_1_ADDR
 .data.gRGBBlankingCode
                0x00802116        0x6 src/NXP/AVRHDMI.o
                0x00802116                gRGBBlankingCode
 .data.TMEX_APPLI_CONVERSIONMATRIX_YCbCr709_RGBLimited
                0x0080211c       0x1e src/NXP/AVRHDMI.o
                0x0080211c                TMEX_APPLI_CONVERSIONMATRIX_YCbCr709_RGBLimited
 .data.ResolutionID0
                0x0080213a        0x1 src/NXP/AVRHDMI.o
                0x0080213a                ResolutionID0
 .data.HDMIShadow
                0x0080213b        0x1 src/NXP/i2c.o
                0x0080213b                HDMIShadow
 .data.RxHdmiConfig
                0x0080213c       0x34 src/NXP/tmbslTDA1997X_functions.o
                0x0080213c                RxHdmiConfig
 .data.instanceStatusInfo
                0x00802170       0x10 src/NXP/tmdlHdmiRx.o
 .data.muteAndVideoPortList
                0x00802180       0x1c src/NXP/tmdlHdmiRx.o
 .data.eventStateList
                0x0080219c       0x44 src/NXP/tmdlHdmiRx.o
 .data.videoInfoList
                0x008021e0        0x6 src/NXP/tmdlHdmiRx.o
 .data.driverConfigTable
                0x008021e6       0x1e src/NXP/tmdlHdmiRx_cfg.o
                0x008021e6                driverConfigTable
 .data.capabilitiesList0
                0x00802204        0xb src/NXP/tmdlHdmiRx_cfg.o
                0x00802204                capabilitiesList0
 .data.NXPLeftSide
                0x0080220f        0x1 src/SerialStateMachine.o
                0x0080220f                NXPLeftSide
 *(.rodata)
 .rodata        0x00802210       0x8c src/DeviceDrivers/BNO070.o
 .rodata        0x0080229c       0x1c src/NXP/tmbslTDA1997X_functions.o
 .rodata        0x008022b8        0x9 src/SerialStateMachine.o
 *(.rodata*)
 .rodata.str1.1
                0x008022c1        0xf src/DeviceDrivers/BNO070.o
 .rodata.str1.1
                0x008022d0        0x8 src/ASF/common/services/usb/udc/udc.o
 .rodata.str1.1
                0x008022d8       0x11 src/Console.o
 .rodata.str1.1
                0x008022e9       0x38 src/DeviceDrivers/Solomon.o
 .rodata.str1.1
                0x00802321        0x9 src/FPGA.o
 .rodata.str1.1
                0x0080232a        0xf src/my_hardware.o
 .rodata.str1.1
                0x00802339       0xf5 src/NXP/AVRHDMI.o
                                0x103 (size before relaxing)
 .rodata.RT_Config
                0x0080242e        0x6 src/NXP/AVRHDMI.o
                0x0080242e                RT_Config
 .rodata.sPAEdid
                0x00802434        0x4 src/NXP/AVRHDMI.o
                0x00802434                sPAEdid
 .rodata.DDC_Config0
                0x00802438        0x8 src/NXP/AVRHDMI.o
                0x00802438                DDC_Config0
 .rodata.edid1080p6050xvYCC
                0x00802440      0x100 src/NXP/AVRHDMI.o
                0x00802440                edid1080p6050xvYCC
 .rodata.str1.1
                0x00802540       0x22 src/NXP/i2c.o
 .rodata.str1.1
                0x00802562       0xd1 src/NXP/tmbslTDA1997X_functions.o
                                0x140 (size before relaxing)
 .rodata.tabIrqSource72
                0x00802633       0x40 src/NXP/tmbslTDA1997X_functions.o
 .rodata.str1.1
                0x00802673       0xe3 src/NXP/tmdlHdmiRx.o
                                0x100 (size before relaxing)
 .rodata.str1.1
                0x00802756        0xd src/NXP/tmdlHdmiRx_cfg.o
 .rodata.bslHdmiRxFunctionsList
                0x00802763       0x96 src/NXP/tmdlHdmiRx_cfg.o
                0x00802763                bslHdmiRxFunctionsList
 .rodata.predefinedColorMatrixList
                0x008027f9       0x3c src/NXP/tmdlHdmiRx_cfg.o
                0x008027f9                predefinedColorMatrixList
 .rodata.resolutionTimingsList
                0x00802835      0x228 src/NXP/tmdlHdmiRx_cfg.o
                0x00802835                resolutionTimingsList
 .rodata.resolutionToBeDetectedList
                0x00802a5d      0x187 src/NXP/tmdlHdmiRx_cfg.o
                0x00802a5d                resolutionToBeDetectedList
 .rodata.resolutionInfo
                0x00802be4       0xa1 src/NXP/tmdlHdmiRx_cfg.o
                0x00802be4                resolutionInfo
 .rodata.kRxSeedTable
                0x00802c85       0x28 src/NXP/tmdlHdmiRx_cfg.o
                0x00802c85                kRxSeedTable
 .rodata.str1.1
                0x00802cad        0x9 src/NXP/tmdlHdmiRx_IW_RTX.o
 .rodata.str1.1
                0x00802cb6      0x1c0 src/SerialStateMachine.o
                                0x1c5 (size before relaxing)
 *(.gnu.linkonce.d*)
                0x00802e76                . = ALIGN (0x2)
                0x00802e76                _edata = .
                0x00802e76                PROVIDE (__data_end, .)

.bss            0x00802e76      0x545
                0x00802e76                PROVIDE (__bss_start, .)
 *(.bss)
 *(.bss*)
 .bss.udi_hid_generic_report_feature
                0x00802e76        0x4 src/ASF/common/services/usb/class/hid/device/generic/udi_hid_generic.o
 .bss.udi_hid_generic_report_out
                0x00802e7a       0x40 src/ASF/common/services/usb/class/hid/device/generic/udi_hid_generic.o
 .bss.udi_hid_generic_report_in
                0x00802eba       0x20 src/ASF/common/services/usb/class/hid/device/generic/udi_hid_generic.o
 .bss.udi_hid_generic_b_report_in_free
                0x00802eda        0x1 src/ASF/common/services/usb/class/hid/device/generic/udi_hid_generic.o
 *fill*         0x00802edb        0x1 
 .bss.udi_hid_generic_protocol
                0x00802edc        0x2 src/ASF/common/services/usb/class/hid/device/generic/udi_hid_generic.o
 .bss.udi_hid_generic_rate
                0x00802ede        0x2 src/ASF/common/services/usb/class/hid/device/generic/udi_hid_generic.o
 .bss.tc_tcf0_ccd_callback
                0x00802ee0        0x2 src/ASF/xmega/drivers/tc/tc.o
 .bss.tc_tcf0_ccc_callback
                0x00802ee2        0x2 src/ASF/xmega/drivers/tc/tc.o
 .bss.tc_tcf0_ccb_callback
                0x00802ee4        0x2 src/ASF/xmega/drivers/tc/tc.o
 .bss.tc_tcf0_cca_callback
                0x00802ee6        0x2 src/ASF/xmega/drivers/tc/tc.o
 .bss.tc_tcf0_err_callback
                0x00802ee8        0x2 src/ASF/xmega/drivers/tc/tc.o
 .bss.tc_tcf0_ovf_callback
                0x00802eea        0x2 src/ASF/xmega/drivers/tc/tc.o
 .bss.tc_tce1_ccb_callback
                0x00802eec        0x2 src/ASF/xmega/drivers/tc/tc.o
 .bss.tc_tce1_cca_callback
                0x00802eee        0x2 src/ASF/xmega/drivers/tc/tc.o
 .bss.tc_tce1_err_callback
                0x00802ef0        0x2 src/ASF/xmega/drivers/tc/tc.o
 .bss.tc_tce1_ovf_callback
                0x00802ef2        0x2 src/ASF/xmega/drivers/tc/tc.o
 .bss.tc_tce0_ccd_callback
                0x00802ef4        0x2 src/ASF/xmega/drivers/tc/tc.o
 .bss.tc_tce0_ccc_callback
                0x00802ef6        0x2 src/ASF/xmega/drivers/tc/tc.o
 .bss.tc_tce0_ccb_callback
                0x00802ef8        0x2 src/ASF/xmega/drivers/tc/tc.o
 .bss.tc_tce0_cca_callback
                0x00802efa        0x2 src/ASF/xmega/drivers/tc/tc.o
 .bss.tc_tce0_err_callback
                0x00802efc        0x2 src/ASF/xmega/drivers/tc/tc.o
 .bss.tc_tce0_ovf_callback
                0x00802efe        0x2 src/ASF/xmega/drivers/tc/tc.o
 .bss.tc_tcd1_ccb_callback
                0x00802f00        0x2 src/ASF/xmega/drivers/tc/tc.o
 .bss.tc_tcd1_cca_callback
                0x00802f02        0x2 src/ASF/xmega/drivers/tc/tc.o
 .bss.tc_tcd1_err_callback
                0x00802f04        0x2 src/ASF/xmega/drivers/tc/tc.o
 .bss.tc_tcd1_ovf_callback
                0x00802f06        0x2 src/ASF/xmega/drivers/tc/tc.o
 .bss.tc_tcd0_ccd_callback
                0x00802f08        0x2 src/ASF/xmega/drivers/tc/tc.o
 .bss.tc_tcd0_ccc_callback
                0x00802f0a        0x2 src/ASF/xmega/drivers/tc/tc.o
 .bss.tc_tcd0_ccb_callback
                0x00802f0c        0x2 src/ASF/xmega/drivers/tc/tc.o
 .bss.tc_tcd0_cca_callback
                0x00802f0e        0x2 src/ASF/xmega/drivers/tc/tc.o
 .bss.tc_tcd0_err_callback
                0x00802f10        0x2 src/ASF/xmega/drivers/tc/tc.o
 .bss.tc_tcd0_ovf_callback
                0x00802f12        0x2 src/ASF/xmega/drivers/tc/tc.o
 .bss.tc_tcc1_ccb_callback
                0x00802f14        0x2 src/ASF/xmega/drivers/tc/tc.o